Archive member included to satisfy reference by file (symbol)

C:/ST/STM32CubeIDE_2.1.1/STM32CubeIDE/plugins/com.st.stm32cube.ide.mcu.externaltools.gnu-tools-for-stm32.14.3.rel1.win32_1.0.100.202602081740/tools/bin/../lib/gcc/arm-none-eabi/14.3.1/../../../../arm-none-eabi/lib/thumb/v7-m/nofp\libc_nano.a(libc_a-exit.o)
                              C:/ST/STM32CubeIDE_2.1.1/STM32CubeIDE/plugins/com.st.stm32cube.ide.mcu.externaltools.gnu-tools-for-stm32.14.3.rel1.win32_1.0.100.202602081740/tools/bin/../lib/gcc/arm-none-eabi/14.3.1/../../../../arm-none-eabi/lib/thumb/v7-m/nofp/crt0.o (exit)
C:/ST/STM32CubeIDE_2.1.1/STM32CubeIDE/plugins/com.st.stm32cube.ide.mcu.externaltools.gnu-tools-for-stm32.14.3.rel1.win32_1.0.100.202602081740/tools/bin/../lib/gcc/arm-none-eabi/14.3.1/../../../../arm-none-eabi/lib/thumb/v7-m/nofp\libc_nano.a(libc_a-findfp.o)
                              C:/ST/STM32CubeIDE_2.1.1/STM32CubeIDE/plugins/com.st.stm32cube.ide.mcu.externaltools.gnu-tools-for-stm32.14.3.rel1.win32_1.0.100.202602081740/tools/bin/../lib/gcc/arm-none-eabi/14.3.1/../../../../arm-none-eabi/lib/thumb/v7-m/nofp\libc_nano.a(libc_a-exit.o) (__stdio_exit_handler)
C:/ST/STM32CubeIDE_2.1.1/STM32CubeIDE/plugins/com.st.stm32cube.ide.mcu.externaltools.gnu-tools-for-stm32.14.3.rel1.win32_1.0.100.202602081740/tools/bin/../lib/gcc/arm-none-eabi/14.3.1/../../../../arm-none-eabi/lib/thumb/v7-m/nofp\libc_nano.a(libc_a-fwalk.o)
                              C:/ST/STM32CubeIDE_2.1.1/STM32CubeIDE/plugins/com.st.stm32cube.ide.mcu.externaltools.gnu-tools-for-stm32.14.3.rel1.win32_1.0.100.202602081740/tools/bin/../lib/gcc/arm-none-eabi/14.3.1/../../../../arm-none-eabi/lib/thumb/v7-m/nofp\libc_nano.a(libc_a-findfp.o) (_fwalk_sglue)
C:/ST/STM32CubeIDE_2.1.1/STM32CubeIDE/plugins/com.st.stm32cube.ide.mcu.externaltools.gnu-tools-for-stm32.14.3.rel1.win32_1.0.100.202602081740/tools/bin/../lib/gcc/arm-none-eabi/14.3.1/../../../../arm-none-eabi/lib/thumb/v7-m/nofp\libc_nano.a(libc_a-stdio.o)
                              C:/ST/STM32CubeIDE_2.1.1/STM32CubeIDE/plugins/com.st.stm32cube.ide.mcu.externaltools.gnu-tools-for-stm32.14.3.rel1.win32_1.0.100.202602081740/tools/bin/../lib/gcc/arm-none-eabi/14.3.1/../../../../arm-none-eabi/lib/thumb/v7-m/nofp\libc_nano.a(libc_a-findfp.o) (__sread)
C:/ST/STM32CubeIDE_2.1.1/STM32CubeIDE/plugins/com.st.stm32cube.ide.mcu.externaltools.gnu-tools-for-stm32.14.3.rel1.win32_1.0.100.202602081740/tools/bin/../lib/gcc/arm-none-eabi/14.3.1/../../../../arm-none-eabi/lib/thumb/v7-m/nofp\libc_nano.a(libc_a-vsnprintf.o)
                              ./Core/Src/driver_lcd_i2c.o (vsnprintf)
C:/ST/STM32CubeIDE_2.1.1/STM32CubeIDE/plugins/com.st.stm32cube.ide.mcu.externaltools.gnu-tools-for-stm32.14.3.rel1.win32_1.0.100.202602081740/tools/bin/../lib/gcc/arm-none-eabi/14.3.1/../../../../arm-none-eabi/lib/thumb/v7-m/nofp\libc_nano.a(libc_a-memset.o)
                              C:/ST/STM32CubeIDE_2.1.1/STM32CubeIDE/plugins/com.st.stm32cube.ide.mcu.externaltools.gnu-tools-for-stm32.14.3.rel1.win32_1.0.100.202602081740/tools/bin/../lib/gcc/arm-none-eabi/14.3.1/../../../../arm-none-eabi/lib/thumb/v7-m/nofp/crt0.o (memset)
C:/ST/STM32CubeIDE_2.1.1/STM32CubeIDE/plugins/com.st.stm32cube.ide.mcu.externaltools.gnu-tools-for-stm32.14.3.rel1.win32_1.0.100.202602081740/tools/bin/../lib/gcc/arm-none-eabi/14.3.1/../../../../arm-none-eabi/lib/thumb/v7-m/nofp\libc_nano.a(libc_a-closer.o)
                              C:/ST/STM32CubeIDE_2.1.1/STM32CubeIDE/plugins/com.st.stm32cube.ide.mcu.externaltools.gnu-tools-for-stm32.14.3.rel1.win32_1.0.100.202602081740/tools/bin/../lib/gcc/arm-none-eabi/14.3.1/../../../../arm-none-eabi/lib/thumb/v7-m/nofp\libc_nano.a(libc_a-stdio.o) (_close_r)
C:/ST/STM32CubeIDE_2.1.1/STM32CubeIDE/plugins/com.st.stm32cube.ide.mcu.externaltools.gnu-tools-for-stm32.14.3.rel1.win32_1.0.100.202602081740/tools/bin/../lib/gcc/arm-none-eabi/14.3.1/../../../../arm-none-eabi/lib/thumb/v7-m/nofp\libc_nano.a(libc_a-reent.o)
                              C:/ST/STM32CubeIDE_2.1.1/STM32CubeIDE/plugins/com.st.stm32cube.ide.mcu.externaltools.gnu-tools-for-stm32.14.3.rel1.win32_1.0.100.202602081740/tools/bin/../lib/gcc/arm-none-eabi/14.3.1/../../../../arm-none-eabi/lib/thumb/v7-m/nofp\libc_nano.a(libc_a-closer.o) (errno)
C:/ST/STM32CubeIDE_2.1.1/STM32CubeIDE/plugins/com.st.stm32cube.ide.mcu.externaltools.gnu-tools-for-stm32.14.3.rel1.win32_1.0.100.202602081740/tools/bin/../lib/gcc/arm-none-eabi/14.3.1/../../../../arm-none-eabi/lib/thumb/v7-m/nofp\libc_nano.a(libc_a-impure.o)
                              C:/ST/STM32CubeIDE_2.1.1/STM32CubeIDE/plugins/com.st.stm32cube.ide.mcu.externaltools.gnu-tools-for-stm32.14.3.rel1.win32_1.0.100.202602081740/tools/bin/../lib/gcc/arm-none-eabi/14.3.1/../../../../arm-none-eabi/lib/thumb/v7-m/nofp\libc_nano.a(libc_a-vsnprintf.o) (_impure_ptr)
[...]
Memory Configuration

Name             Origin             Length             Attributes
RAM              0x20000000         0x00005000         xrw
FLASH            0x08000000         0x00020000         xr
*default*        0x00000000         0xffffffff

Linker script and memory map

LOAD C:/ST/STM32CubeIDE_2.1.1/STM32CubeIDE/plugins/com.st.stm32cube.ide.mcu.externaltools.gnu-tools-for-stm32.14.3.rel1.win32_1.0.100.202602081740/tools/bin/../lib/gcc/arm-none-eabi/14.3.1/thumb/v7-m/nofp/crti.o
LOAD C:/ST/STM32CubeIDE_2.1.1/STM32CubeIDE/plugins/com.st.stm32cube.ide.mcu.externaltools.gnu-tools-for-stm32.14.3.rel1.win32_1.0.100.202602081740/tools/bin/../lib/gcc/arm-none-eabi/14.3.1/thumb/v7-m/nofp/crtbegin.o
LOAD C:/ST/STM32CubeIDE_2.1.1/STM32CubeIDE/plugins/com.st.stm32cube.ide.mcu.externaltools.gnu-tools-for-stm32.14.3.rel1.win32_1.0.100.202602081740/tools/bin/../lib/gcc/arm-none-eabi/14.3.1/../../../../arm-none-eabi/lib/thumb/v7-m/nofp/crt0.o
LOAD ./Core/Src/app_os.o
LOAD ./Core/Src/belt.o
LOAD ./Core/Src/driver_conveyor.o
LOAD ./Core/Src/driver_hmi.o
LOAD ./Core/Src/driver_lcd_i2c.o
LOAD ./Core/Src/driver_servo.o
LOAD ./Core/Src/freertos.o
LOAD ./Core/Src/gpio.o
LOAD ./Core/Src/i2c.o
LOAD ./Core/Src/main.o
LOAD ./Core/Src/stm32f1xx_hal_msp.o
LOAD ./Core/Src/stm32f1xx_it.o
LOAD ./Core/Src/syscalls.o
LOAD ./Core/Src/sysmem.o
LOAD ./Core/Src/system_stm32f1xx.o
LOAD ./Core/Src/task_conveyor.o
LOAD ./Core/Src/task_hmi.o
LOAD ./Core/Src/task_sensor.o
LOAD ./Core/Src/task_servo.o
LOAD ./Core/Src/tim.o
LOAD ./Core/Src/usart.o
LOAD ./Core/Startup/startup_stm32f103rbtx.o
LOAD ./Drivers/STM32F1xx_HAL_Driver/Src/stm32f1xx_hal.o
LOAD ./Drivers/STM32F1xx_HAL_Driver/Src/stm32f1xx_hal_cortex.o
LOAD ./Drivers/STM32F1xx_HAL_Driver/Src/stm32f1xx_hal_dma.o
LOAD ./Drivers/STM32F1xx_HAL_Driver/Src/stm32f1xx_hal_exti.o
LOAD ./Drivers/STM32F1xx_HAL_Driver/Src/stm32f1xx_hal_flash.o
LOAD ./Drivers/STM32F1xx_HAL_Driver/Src/stm32f1xx_hal_flash_ex.o
LOAD ./Drivers/STM32F1xx_HAL_Driver/Src/stm32f1xx_hal_gpio.o
LOAD ./Drivers/STM32F1xx_HAL_Driver/Src/stm32f1xx_hal_gpio_ex.o
LOAD ./Drivers/STM32F1xx_HAL_Driver/Src/stm32f1xx_hal_i2c.o
LOAD ./Drivers/STM32F1xx_HAL_Driver/Src/stm32f1xx_hal_pwr.o
LOAD ./Drivers/STM32F1xx_HAL_Driver/Src/stm32f1xx_hal_rcc.o
LOAD ./Drivers/STM32F1xx_HAL_Driver/Src/stm32f1xx_hal_rcc_ex.o
LOAD ./Drivers/STM32F1xx_HAL_Driver/Src/stm32f1xx_hal_tim.o
LOAD ./Drivers/STM32F1xx_HAL_Driver/Src/stm32f1xx_hal_tim_ex.o
LOAD ./Drivers/STM32F1xx_HAL_Driver/Src/stm32f1xx_hal_uart.o
LOAD ./Middlewares/Third_Party/FreeRTOS/Source/CMSIS_RTOS/cmsis_os.o
LOAD ./Middlewares/Third_Party/FreeRTOS/Source/croutine.o
LOAD ./Middlewares/Third_Party/FreeRTOS/Source/event_groups.o
LOAD ./Middlewares/Third_Party/FreeRTOS/Source/list.o
LOAD ./Middlewares/Third_Party/FreeRTOS/Source/queue.o
LOAD ./Middlewares/Third_Party/FreeRTOS/Source/stream_buffer.o
LOAD ./Middlewares/Third_Party/FreeRTOS/Source/tasks.o
LOAD ./Middlewares/Third_Party/FreeRTOS/Source/timers.o
LOAD ./Middlewares/Third_Party/FreeRTOS/Source/portable/GCC/ARM_CM3/port.o
LOAD ./Middlewares/Third_Party/FreeRTOS/Source/portable/MemMang/heap_4.o
START GROUP
LOAD C:/ST/STM32CubeIDE_2.1.1/STM32CubeIDE/plugins/com.st.stm32cube.ide.mcu.externaltools.gnu-tools-for-stm32.14.3.rel1.win32_1.0.100.202602081740/tools/bin/../lib/gcc/arm-none-eabi/14.3.1/../../../../arm-none-eabi/lib/thumb/v7-m/nofp\libc_nano.a
LOAD C:/ST/STM32CubeIDE_2.1.1/STM32CubeIDE/plugins/com.st.stm32cube.ide.mcu.externaltools.gnu-tools-for-stm32.14.3.rel1.win32_1.0.100.202602081740/tools/bin/../lib/gcc/arm-none-eabi/14.3.1/../../../../arm-none-eabi/lib/thumb/v7-m/nofp\libm.a
END GROUP
START GROUP
LOAD C:/ST/STM32CubeIDE_2.1.1/STM32CubeIDE/plugins/com.st.stm32cube.ide.mcu.externaltools.gnu-tools-for-stm32.14.3.rel1.win32_1.0.100.202602081740/tools/bin/../lib/gcc/arm-none-eabi/14.3.1/thumb/v7-m/nofp\libgcc.a
LOAD C:/ST/STM32CubeIDE_2.1.1/STM32CubeIDE/plugins/com.st.stm32cube.ide.mcu.externaltools.gnu-tools-for-stm32.14.3.rel1.win32_1.0.100.202602081740/tools/bin/../lib/gcc/arm-none-eabi/14.3.1/../../../../arm-none-eabi/lib/thumb/v7-m/nofp\libc_nano.a
END GROUP
START GROUP
LOAD C:/ST/STM32CubeIDE_2.1.1/STM32CubeIDE/plugins/com.st.stm32cube.ide.mcu.externaltools.gnu-tools-for-stm32.14.3.rel1.win32_1.0.100.202602081740/tools/bin/../lib/gcc/arm-none-eabi/14.3.1/thumb/v7-m/nofp\libgcc.a
LOAD C:/ST/STM32CubeIDE_2.1.1/STM32CubeIDE/plugins/com.st.stm32cube.ide.mcu.externaltools.gnu-tools-for-stm32.14.3.rel1.win32_1.0.100.202602081740/tools/bin/../lib/gcc/arm-none-eabi/14.3.1/../../../../arm-none-eabi/lib/thumb/v7-m/nofp\libc_nano.a
LOAD C:/ST/STM32CubeIDE_2.1.1/STM32CubeIDE/plugins/com.st.stm32cube.ide.mcu.externaltools.gnu-tools-for-stm32.14.3.rel1.win32_1.0.100.202602081740/tools/bin/../lib/gcc/arm-none-eabi/14.3.1/../../../../arm-none-eabi/lib/thumb/v7-m/nofp\libnosys.a
END GROUP
START GROUP
LOAD C:/ST/STM32CubeIDE_2.1.1/STM32CubeIDE/plugins/com.st.stm32cube.ide.mcu.externaltools.gnu-tools-for-stm32.14.3.rel1.win32_1.0.100.202602081740/tools/bin/../lib/gcc/arm-none-eabi/14.3.1/thumb/v7-m/nofp\libgcc.a
LOAD C:/ST/STM32CubeIDE_2.1.1/STM32CubeIDE/plugins/com.st.stm32cube.ide.mcu.externaltools.gnu-tools-for-stm32.14.3.rel1.win32_1.0.100.202602081740/tools/bin/../lib/gcc/arm-none-eabi/14.3.1/../../../../arm-none-eabi/lib/thumb/v7-m/nofp\libc_nano.a
LOAD C:/ST/STM32CubeIDE_2.1.1/STM32CubeIDE/plugins/com.st.stm32cube.ide.mcu.externaltools.gnu-tools-for-stm32.14.3.rel1.win32_1.0.100.202602081740/tools/bin/../lib/gcc/arm-none-eabi/14.3.1/../../../../arm-none-eabi/lib/thumb/v7-m/nofp\libnosys.a
END GROUP
LOAD C:/ST/STM32CubeIDE_2.1.1/STM32CubeIDE/plugins/com.st.stm32cube.ide.mcu.externaltools.gnu-tools-for-stm32.14.3.rel1.win32_1.0.100.202602081740/tools/bin/../lib/gcc/arm-none-eabi/14.3.1/thumb/v7-m/nofp/crtend.o
LOAD C:/ST/STM32CubeIDE_2.1.1/STM32CubeIDE/plugins/com.st.stm32cube.ide.mcu.externaltools.gnu-tools-for-stm32.14.3.rel1.win32_1.0.100.202602081740/tools/bin/../lib/gcc/arm-none-eabi/14.3.1/thumb/v7-m/nofp/crtn.o
                0x20005000                        _estack = (ORIGIN (RAM) + LENGTH (RAM))
                0x00000200                        _Min_Heap_Size = 0x200
                0x00000400                        _Min_Stack_Size = 0x400

.isr_vector     0x08000000      0x10c
                0x08000000                        . = ALIGN (0x4)
 *(.isr_vector)
 .isr_vector    0x08000000      0x10c ./Core/Startup/startup_stm32f103rbtx.o
                0x08000000                g_pfnVectors
                0x0800010c                        . = ALIGN (0x4)

.text           0x08000110     0x7774
                0x08000110                        . = ALIGN (0x4)
 *(.text)
 .text          0x08000110       0x40 C:/ST/STM32CubeIDE_2.1.1/STM32CubeIDE/plugins/com.st.stm32cube.ide.mcu.externaltools.gnu-tools-for-stm32.14.3.rel1.win32_1.0.100.202602081740/tools/bin/../lib/gcc/arm-none-eabi/14.3.1/thumb/v7-m/nofp/crtbegin.o
 .text          0x08000150      0x21c C:/ST/STM32CubeIDE_2.1.1/STM32CubeIDE/plugins/com.st.stm32cube.ide.mcu.externaltools.gnu-tools-for-stm32.14.3.rel1.win32_1.0.100.202602081740/tools/bin/../lib/gcc/arm-none-eabi/14.3.1/thumb/v7-m/nofp\libgcc.a(_arm_addsubsf3.o)
                0x08000150                __aeabi_frsub
                0x08000158                __subsf3
                0x08000158                __aeabi_fsub
                0x0800015c                __aeabi_fadd
                0x0800015c                __addsf3
                0x080002bc                __aeabi_ui2f
                0x080002bc                __floatunsisf
                0x080002c4                __aeabi_i2f
                0x080002c4                __floatsisf
                0x080002e0                __aeabi_ul2f
                0x080002e0                __floatundisf
                0x080002f0                __aeabi_l2f
                0x080002f0                __floatdisf
 .text          0x0800036c      0x2a0 C:/ST/STM32CubeIDE_2.1.1/STM32CubeIDE/plugins/com.st.stm32cube.ide.mcu.externaltools.gnu-tools-for-stm32.14.3.rel1.win32_1.0.100.202602081740/tools/bin/../lib/gcc/arm-none-eabi/14.3.1/thumb/v7-m/nofp\libgcc.a(_arm_muldivsf3.o)
                0x0800036c                __mulsf3
                0x0800036c                __aeabi_fmul
                0x080004d4                __aeabi_fdiv
                0x080004d4                __divsf3
 .text          0x0800060c       0x40 C:/ST/STM32CubeIDE_2.1.1/STM32CubeIDE/plugins/com.st.stm32cube.ide.mcu.externaltools.gnu-tools-for-stm32.14.3.rel1.win32_1.0.100.202602081740/tools/bin/../lib/gcc/arm-none-eabi/14.3.1/thumb/v7-m/nofp\libgcc.a(_arm_fixunssfsi.o)
                0x0800060c                __fixunssfsi
                0x0800060c                __aeabi_f2uiz
 *(.text*)
 .text.AppOS_CreateObjects
                0x0800064c       0x40 ./Core/Src/app_os.o
                0x0800064c                AppOS_CreateObjects
 .text.AppOS_CreateTasks
                0x0800068c       0xc4 ./Core/Src/app_os.o
                0x0800068c                AppOS_CreateTasks
 .text.ir_is_detected_now
                0x08000750       0x20 ./Core/Src/belt.o
 .text.belt_apply_conveyor
                0x08000770       0x58 ./Core/Src/belt.o
 .text.Belt_StateMachine_Step
                0x080007c8      0x4e4 ./Core/Src/belt.o
                0x080007c8                Belt_StateMachine_Step
 .text.Conveyor_Init
                0x08000cac       0x1c ./Core/Src/driver_conveyor.o
                0x08000cac                Conveyor_Init
 .text.Conveyor_SetDutyPct
                0x08000cc8       0x44 ./Core/Src/driver_conveyor.o
                0x08000cc8                Conveyor_SetDutyPct
 .text.Conveyor_Stop
                0x08000d0c       0x18 ./Core/Src/driver_conveyor.o
                0x08000d0c                Conveyor_Stop
 .text.drive_led
                0x08000d24       0x6c ./Core/Src/driver_hmi.o
 .text.HMI_Init
                0x08000d90       0x68 ./Core/Src/driver_hmi.o
                0x08000d90                HMI_Init
 .text.HMI_SetRun
                0x08000df8       0x20 ./Core/Src/driver_hmi.o
                0x08000df8                HMI_SetRun
 .text.HMI_SetStop
                0x08000e18       0x20 ./Core/Src/driver_hmi.o
                0x08000e18                HMI_SetStop
 .text.HMI_SetFault
                0x08000e38       0x20 ./Core/Src/driver_hmi.o
                0x08000e38                HMI_SetFault
 .text.HMI_Tick
                0x08000e58       0x50 ./Core/Src/driver_hmi.o
                0x08000e58                HMI_Tick
 .text.i2c_send
                0x08000ea8       0x60 ./Core/Src/driver_lcd_i2c.o
 .text.pulse_en
                0x08000f08       0x3a ./Core/Src/driver_lcd_i2c.o
 .text.send4    0x08000f42       0x3e ./Core/Src/driver_lcd_i2c.o
 .text.send8    0x08000f80       0x3a ./Core/Src/driver_lcd_i2c.o
 .text.cmd      0x08000fba       0x22 ./Core/Src/driver_lcd_i2c.o
 .text.dat      0x08000fdc       0x22 ./Core/Src/driver_lcd_i2c.o
 .text.LCD_Init
                0x08000ffe       0x6a ./Core/Src/driver_lcd_i2c.o
                0x08000ffe                LCD_Init
 .text.LCD_SetCursor
                0x08001068       0x4c ./Core/Src/driver_lcd_i2c.o
                0x08001068                LCD_SetCursor
 .text.LCD_Print2
                0x080010b4       0x90 ./Core/Src/driver_lcd_i2c.o
                0x080010b4                LCD_Print2
 .text.LCD_Backlight_On
                0x08001144       0x18 ./Core/Src/driver_lcd_i2c.o
                0x08001144                LCD_Backlight_On
 .text.Servo_Init
                0x0800115c       0x1c ./Core/Src/driver_servo.o
                0x0800115c                Servo_Init
 .text.Servo_WriteUS
                0x08001178       0x7c ./Core/Src/driver_servo.o
                0x08001178                Servo_WriteUS
 .text.Servo_WriteDeg
                0x080011f4       0x5c ./Core/Src/driver_servo.o
                0x080011f4                Servo_WriteDeg
 .text.vApplicationGetIdleTaskMemory
                0x08001250       0x30 ./Core/Src/freertos.o
                0x08001250                vApplicationGetIdleTaskMemory
 .text.vApplicationGetTimerTaskMemory
                0x08001280       0x34 ./Core/Src/freertos.o
                0x08001280                vApplicationGetTimerTaskMemory
 .text.MX_FREERTOS_Init
                0x080012b4       0x40 ./Core/Src/freertos.o
                0x080012b4                MX_FREERTOS_Init
 .text.StartDefaultTask
                0x080012f4       0x10 ./Core/Src/freertos.o
                0x080012f4                StartDefaultTask
 .text.MX_GPIO_Init
                0x08001304      0x1a0 ./Core/Src/gpio.o
                0x08001304                MX_GPIO_Init
 .text.MX_I2C1_Init
                0x080014a4       0x5c ./Core/Src/i2c.o
                0x080014a4                MX_I2C1_Init
 .text.HAL_I2C_MspInit
                0x08001500       0x7c ./Core/Src/i2c.o
                0x08001500                HAL_I2C_MspInit
 .text.main     0x0800157c       0x2c ./Core/Src/main.o
                0x0800157c                main
 .text.SystemClock_Config
                0x080015a8       0x82 ./Core/Src/main.o
                0x080015a8                SystemClock_Config
 .text.Error_Handler
                0x0800162a        0xc ./Core/Src/main.o
                0x0800162a                Error_Handler
 *fill*         0x08001636        0x2 
 .text.HAL_MspInit
                0x08001638       0x70 ./Core/Src/stm32f1xx_hal_msp.o
                0x08001638                HAL_MspInit
 .text.NMI_Handler
                0x080016a8        0x8 ./Core/Src/stm32f1xx_it.o
                0x080016a8                NMI_Handler
 .text.HardFault_Handler
                0x080016b0        0x8 ./Core/Src/stm32f1xx_it.o
                0x080016b0                HardFault_Handler
 .text.MemManage_Handler
                0x080016b8        0x8 ./Core/Src/stm32f1xx_it.o
                0x080016b8                MemManage_Handler
 .text.BusFault_Handler
                0x080016c0        0x8 ./Core/Src/stm32f1xx_it.o
                0x080016c0                BusFault_Handler
 .text.UsageFault_Handler
                0x080016c8        0x8 ./Core/Src/stm32f1xx_it.o
                0x080016c8                UsageFault_Handler
 .text.DebugMon_Handler
                0x080016d0        0xc ./Core/Src/stm32f1xx_it.o
                0x080016d0                DebugMon_Handler
 .text.SysTick_Handler
                0x080016dc       0x1a ./Core/Src/stm32f1xx_it.o
                0x080016dc                SysTick_Handler
 *fill*         0x080016f6        0x2 
 .text.TIM2_IRQHandler
                0x080016f8       0x14 ./Core/Src/stm32f1xx_it.o
                0x080016f8                TIM2_IRQHandler
 .text.EXTI15_10_IRQHandler
                0x0800170c       0x10 ./Core/Src/stm32f1xx_it.o
                0x0800170c                EXTI15_10_IRQHandler
 .text.HAL_GPIO_EXTI_Callback
                0x0800171c       0x50 ./Core/Src/stm32f1xx_it.o
                0x0800171c                HAL_GPIO_EXTI_Callback
 .text.EXTI0_IRQHandler
                0x0800176c        0xe ./Core/Src/stm32f1xx_it.o
                0x0800176c                EXTI0_IRQHandler
 .text.EXTI4_IRQHandler
                0x0800177a        0xe ./Core/Src/stm32f1xx_it.o
                0x0800177a                EXTI4_IRQHandler
 .text.SystemInit
                0x08001788        0xc ./Core/Src/system_stm32f1xx.o
                0x08001788                SystemInit
 .text.StartConveyorTask
                0x08001794       0x70 ./Core/Src/task_conveyor.o
                0x08001794                StartConveyorTask
 .text.StartHMITask
                0x08001804      0x1c8 ./Core/Src/task_hmi.o
                0x08001804                StartHMITask
 .text.ir_is_detected
                0x080019cc       0x20 ./Core/Src/task_sensor.o
 .text.StartSensorTask
                0x080019ec      0x2e8 ./Core/Src/task_sensor.o
                0x080019ec                StartSensorTask
 .text.StartServoTask
                0x08001cd4       0xd0 ./Core/Src/task_servo.o
                0x08001cd4                StartServoTask
 .text.MX_TIM2_Init
                0x08001da4       0xec ./Core/Src/tim.o
                0x08001da4                MX_TIM2_Init
 .text.MX_TIM3_Init
                0x08001e90       0xb4 ./Core/Src/tim.o
                0x08001e90                MX_TIM3_Init
 .text.HAL_TIM_Base_MspInit
                0x08001f44       0x48 ./Core/Src/tim.o
                0x08001f44                HAL_TIM_Base_MspInit
 .text.HAL_TIM_PWM_MspInit
                0x08001f8c       0x3c ./Core/Src/tim.o
                0x08001f8c                HAL_TIM_PWM_MspInit
 .text.HAL_TIM_MspPostInit
                0x08001fc8       0xa0 ./Core/Src/tim.o
                0x08001fc8                HAL_TIM_MspPostInit
 .text.MX_USART2_UART_Init
                0x08002068       0x54 ./Core/Src/usart.o
                0x08002068                MX_USART2_UART_Init
 .text.HAL_UART_MspInit
                0x080020bc       0x7c ./Core/Src/usart.o
                0x080020bc                HAL_UART_MspInit
 .text.Reset_Handler
                0x08002138       0x48 ./Core/Startup/startup_stm32f103rbtx.o
                0x08002138                Reset_Handler
 .text.Default_Handler
                0x08002180        0x2 ./Core/Startup/startup_stm32f103rbtx.o
                0x08002180                RTC_Alarm_IRQHandler
                0x08002180                EXTI2_IRQHandler
                0x08002180                TIM1_CC_IRQHandler
                0x08002180                PVD_IRQHandler
                0x08002180                EXTI3_IRQHandler
                0x08002180                I2C2_EV_IRQHandler
                0x08002180                ADC1_2_IRQHandler
                0x08002180                SPI1_IRQHandler
                0x08002180                TAMPER_IRQHandler
                0x08002180                DMA1_Channel4_IRQHandler
                0x08002180                USART3_IRQHandler
                0x08002180                RTC_IRQHandler
                0x08002180                DMA1_Channel7_IRQHandler
                0x08002180                CAN1_RX1_IRQHandler
                0x08002180                TIM4_IRQHandler
                0x08002180                I2C1_EV_IRQHandler
                0x08002180                DMA1_Channel6_IRQHandler
                0x08002180                TIM3_IRQHandler
                0x08002180                RCC_IRQHandler
                0x08002180                TIM1_TRG_COM_IRQHandler
                0x08002180                DMA1_Channel1_IRQHandler
                0x08002180                Default_Handler
                0x08002180                EXTI9_5_IRQHandler
                0x08002180                SPI2_IRQHandler
                0x08002180                DMA1_Channel5_IRQHandler
                0x08002180                USB_LP_CAN1_RX0_IRQHandler
                0x08002180                USB_HP_CAN1_TX_IRQHandler
                0x08002180                DMA1_Channel3_IRQHandler
                0x08002180                TIM1_UP_IRQHandler
                0x08002180                WWDG_IRQHandler
                0x08002180                TIM1_BRK_IRQHandler
                0x08002180                EXTI1_IRQHandler
                0x08002180                USART2_IRQHandler
                0x08002180                I2C2_ER_IRQHandler
                0x08002180                DMA1_Channel2_IRQHandler
                0x08002180                CAN1_SCE_IRQHandler
                0x08002180                FLASH_IRQHandler
                0x08002180                USART1_IRQHandler
                0x08002180                I2C1_ER_IRQHandler
                0x08002180                USBWakeUp_IRQHandler
 *fill*         0x08002182        0x2 
 .text.HAL_Init
                0x08002184       0x2c ./Drivers/STM32F1xx_HAL_Driver/Src/stm32f1xx_hal.o
                0x08002184                HAL_Init
 .text.HAL_InitTick
                0x080021b0       0x60 ./Drivers/STM32F1xx_HAL_Driver/Src/stm32f1xx_hal.o
                0x080021b0                HAL_InitTick
 .text.HAL_IncTick
                0x08002210       0x24 ./Drivers/STM32F1xx_HAL_Driver/Src/stm32f1xx_hal.o
                0x08002210                HAL_IncTick
 .text.HAL_GetTick
                0x08002234       0x14 ./Drivers/STM32F1xx_HAL_Driver/Src/stm32f1xx_hal.o
                0x08002234                HAL_GetTick
 .text.__NVIC_SetPriorityGrouping
                0x08002248       0x48 ./Drivers/STM32F1xx_HAL_Driver/Src/stm32f1xx_hal_cortex.o
 .text.__NVIC_GetPriorityGrouping
                0x08002290       0x1c ./Drivers/STM32F1xx_HAL_Driver/Src/stm32f1xx_hal_cortex.o
 .text.__NVIC_EnableIRQ
                0x080022ac       0x38 ./Drivers/STM32F1xx_HAL_Driver/Src/stm32f1xx_hal_cortex.o
 .text.__NVIC_SetPriority
                0x080022e4       0x54 ./Drivers/STM32F1xx_HAL_Driver/Src/stm32f1xx_hal_cortex.o
 .text.NVIC_EncodePriority
                0x08002338       0x64 ./Drivers/STM32F1xx_HAL_Driver/Src/stm32f1xx_hal_cortex.o
 .text.SysTick_Config
                0x0800239c       0x44 ./Drivers/STM32F1xx_HAL_Driver/Src/stm32f1xx_hal_cortex.o
 .text.HAL_NVIC_SetPriorityGrouping
                0x080023e0       0x16 ./Drivers/STM32F1xx_HAL_Driver/Src/stm32f1xx_hal_cortex.o
                0x080023e0                HAL_NVIC_SetPriorityGrouping
 .text.HAL_NVIC_SetPriority
                0x080023f6       0x38 ./Drivers/STM32F1xx_HAL_Driver/Src/stm32f1xx_hal_cortex.o
                0x080023f6                HAL_NVIC_SetPriority
 .text.HAL_NVIC_EnableIRQ
                0x0800242e       0x1c ./Drivers/STM32F1xx_HAL_Driver/Src/stm32f1xx_hal_cortex.o
                0x0800242e                HAL_NVIC_EnableIRQ
 .text.HAL_SYSTICK_Config
                0x0800244a       0x18 ./Drivers/STM32F1xx_HAL_Driver/Src/stm32f1xx_hal_cortex.o
                0x0800244a                HAL_SYSTICK_Config
 *fill*         0x08002462        0x2 
 .text.HAL_GPIO_Init
                0x08002464      0x308 ./Drivers/STM32F1xx_HAL_Driver/Src/stm32f1xx_hal_gpio.o
                0x08002464                HAL_GPIO_Init
 .text.HAL_GPIO_ReadPin
                0x0800276c       0x2e ./Drivers/STM32F1xx_HAL_Driver/Src/stm32f1xx_hal_gpio.o
                0x0800276c                HAL_GPIO_ReadPin
 .text.HAL_GPIO_WritePin
                0x0800279a       0x30 ./Drivers/STM32F1xx_HAL_Driver/Src/stm32f1xx_hal_gpio.o
                0x0800279a                HAL_GPIO_WritePin
 *fill*         0x080027ca        0x2 
 .text.HAL_GPIO_EXTI_IRQHandler
                0x080027cc       0x30 ./Drivers/STM32F1xx_HAL_Driver/Src/stm32f1xx_hal_gpio.o
                0x080027cc                HAL_GPIO_EXTI_IRQHandler
 .text.HAL_I2C_Init
                0x080027fc      0x288 ./Drivers/STM32F1xx_HAL_Driver/Src/stm32f1xx_hal_i2c.o
                0x080027fc                HAL_I2C_Init
 .text.HAL_I2C_Master_Transmit
                0x08002a84      0x1fc ./Drivers/STM32F1xx_HAL_Driver/Src/stm32f1xx_hal_i2c.o
                0x08002a84                HAL_I2C_Master_Transmit
 .text.I2C_MasterRequestWrite
                0x08002c80      0x104 ./Drivers/STM32F1xx_HAL_Driver/Src/stm32f1xx_hal_i2c.o
 .text.I2C_WaitOnFlagUntilTimeout
                0x08002d84       0xf4 ./Drivers/STM32F1xx_HAL_Driver/Src/stm32f1xx_hal_i2c.o
 .text.I2C_WaitOnMasterAddressFlagUntilTimeout
                0x08002e78      0x140 ./Drivers/STM32F1xx_HAL_Driver/Src/stm32f1xx_hal_i2c.o
 .text.I2C_WaitOnTXEFlagUntilTimeout
                0x08002fb8       0x90 ./Drivers/STM32F1xx_HAL_Driver/Src/stm32f1xx_hal_i2c.o
 .text.I2C_WaitOnBTFFlagUntilTimeout
                0x08003048       0x90 ./Drivers/STM32F1xx_HAL_Driver/Src/stm32f1xx_hal_i2c.o
 .text.I2C_IsAcknowledgeFailed
                0x080030d8       0x5c ./Drivers/STM32F1xx_HAL_Driver/Src/stm32f1xx_hal_i2c.o
 .text.HAL_RCC_OscConfig
                0x08003134      0x504 ./Drivers/STM32F1xx_HAL_Driver/Src/stm32f1xx_hal_rcc.o
                0x08003134                HAL_RCC_OscConfig
 .text.HAL_RCC_ClockConfig
                0x08003638      0x1d4 ./Drivers/STM32F1xx_HAL_Driver/Src/stm32f1xx_hal_rcc.o
                0x08003638                HAL_RCC_ClockConfig
 .text.HAL_RCC_GetSysClockFreq
                0x0800380c       0xa8 ./Drivers/STM32F1xx_HAL_Driver/Src/stm32f1xx_hal_rcc.o
                0x0800380c                HAL_RCC_GetSysClockFreq
 .text.HAL_RCC_GetHCLKFreq
                0x080038b4       0x14 ./Drivers/STM32F1xx_HAL_Driver/Src/stm32f1xx_hal_rcc.o
                0x080038b4                HAL_RCC_GetHCLKFreq
 .text.HAL_RCC_GetPCLK1Freq
                0x080038c8       0x28 ./Drivers/STM32F1xx_HAL_Driver/Src/stm32f1xx_hal_rcc.o
                0x080038c8                HAL_RCC_GetPCLK1Freq
 .text.HAL_RCC_GetPCLK2Freq
                0x080038f0       0x28 ./Drivers/STM32F1xx_HAL_Driver/Src/stm32f1xx_hal_rcc.o
                0x080038f0                HAL_RCC_GetPCLK2Freq
 .text.RCC_Delay
                0x08003918       0x3c ./Drivers/STM32F1xx_HAL_Driver/Src/stm32f1xx_hal_rcc.o
 .text.HAL_TIM_Base_Init
                0x08003954       0x9e ./Drivers/STM32F1xx_HAL_Driver/Src/stm32f1xx_hal_tim.o
                0x08003954                HAL_TIM_Base_Init
 .text.HAL_TIM_PWM_Init
                0x080039f2       0x9e ./Drivers/STM32F1xx_HAL_Driver/Src/stm32f1xx_hal_tim.o
                0x080039f2                HAL_TIM_PWM_Init
 .text.HAL_TIM_PWM_Start
                0x08003a90      0x144 ./Drivers/STM32F1xx_HAL_Driver/Src/stm32f1xx_hal_tim.o
                0x08003a90                HAL_TIM_PWM_Start
 .text.HAL_TIM_IRQHandler
                0x08003bd4      0x1e0 ./Drivers/STM32F1xx_HAL_Driver/Src/stm32f1xx_hal_tim.o
                0x08003bd4                HAL_TIM_IRQHandler
 .text.HAL_TIM_PWM_ConfigChannel
                0x08003db4      0x184 ./Drivers/STM32F1xx_HAL_Driver/Src/stm32f1xx_hal_tim.o
                0x08003db4                HAL_TIM_PWM_ConfigChannel
 .text.HAL_TIM_ConfigClockSource
                0x08003f38      0x18e ./Drivers/STM32F1xx_HAL_Driver/Src/stm32f1xx_hal_tim.o
                0x08003f38                HAL_TIM_ConfigClockSource
 .text.HAL_TIM_PeriodElapsedCallback
                0x080040c6       0x12 ./Drivers/STM32F1xx_HAL_Driver/Src/stm32f1xx_hal_tim.o
                0x080040c6                HAL_TIM_PeriodElapsedCallback
 .text.HAL_TIM_OC_DelayElapsedCallback
                0x080040d8       0x12 ./Drivers/STM32F1xx_HAL_Driver/Src/stm32f1xx_hal_tim.o
                0x080040d8                HAL_TIM_OC_DelayElapsedCallback
 .text.HAL_TIM_IC_CaptureCallback
                0x080040ea       0x12 ./Drivers/STM32F1xx_HAL_Driver/Src/stm32f1xx_hal_tim.o
                0x080040ea                HAL_TIM_IC_CaptureCallback
 .text.HAL_TIM_PWM_PulseFinishedCallback
                0x080040fc       0x12 ./Drivers/STM32F1xx_HAL_Driver/Src/stm32f1xx_hal_tim.o
                0x080040fc                HAL_TIM_PWM_PulseFinishedCallback
 .text.HAL_TIM_TriggerCallback
                0x0800410e       0x12 ./Drivers/STM32F1xx_HAL_Driver/Src/stm32f1xx_hal_tim.o
                0x0800410e                HAL_TIM_TriggerCallback
 .text.TIM_Base_SetConfig
                0x08004120       0xdc ./Drivers/STM32F1xx_HAL_Driver/Src/stm32f1xx_hal_tim.o
                0x08004120                TIM_Base_SetConfig
 .text.TIM_OC1_SetConfig
                0x080041fc       0xcc ./Drivers/STM32F1xx_HAL_Driver/Src/stm32f1xx_hal_tim.o
 .text.TIM_OC2_SetConfig
                0x080042c8       0xd4 ./Drivers/STM32F1xx_HAL_Driver/Src/stm32f1xx_hal_tim.o
                0x080042c8                TIM_OC2_SetConfig
 .text.TIM_OC3_SetConfig
                0x0800439c       0xd4 ./Drivers/STM32F1xx_HAL_Driver/Src/stm32f1xx_hal_tim.o
 .text.TIM_OC4_SetConfig
                0x08004470       0x9c ./Drivers/STM32F1xx_HAL_Driver/Src/stm32f1xx_hal_tim.o
 .text.TIM_TI1_ConfigInputStage
                0x0800450c       0x5c ./Drivers/STM32F1xx_HAL_Driver/Src/stm32f1xx_hal_tim.o
 .text.TIM_TI2_ConfigInputStage
                0x08004568       0x5e ./Drivers/STM32F1xx_HAL_Driver/Src/stm32f1xx_hal_tim.o
 .text.TIM_ITRx_SetConfig
                0x080045c6       0x34 ./Drivers/STM32F1xx_HAL_Driver/Src/stm32f1xx_hal_tim.o
 .text.TIM_ETR_SetConfig
                0x080045fa       0x3e ./Drivers/STM32F1xx_HAL_Driver/Src/stm32f1xx_hal_tim.o
                0x080045fa                TIM_ETR_SetConfig
 .text.TIM_CCxChannelCmd
                0x08004638       0x48 ./Drivers/STM32F1xx_HAL_Driver/Src/stm32f1xx_hal_tim.o
                0x08004638                TIM_CCxChannelCmd
 .text.HAL_TIMEx_MasterConfigSynchronization
                0x08004680       0xbc ./Drivers/STM32F1xx_HAL_Driver/Src/stm32f1xx_hal_tim_ex.o
                0x08004680                HAL_TIMEx_MasterConfigSynchronization
 .text.HAL_TIMEx_CommutCallback
                0x0800473c       0x12 ./Drivers/STM32F1xx_HAL_Driver/Src/stm32f1xx_hal_tim_ex.o
                0x0800473c                HAL_TIMEx_CommutCallback
 .text.HAL_TIMEx_BreakCallback
                0x0800474e       0x12 ./Drivers/STM32F1xx_HAL_Driver/Src/stm32f1xx_hal_tim_ex.o
                0x0800474e                HAL_TIMEx_BreakCallback
 .text.HAL_UART_Init
                0x08004760       0xa0 ./Drivers/STM32F1xx_HAL_Driver/Src/stm32f1xx_hal_uart.o
                0x08004760                HAL_UART_Init
 .text.UART_SetConfig
                0x08004800      0x11c ./Drivers/STM32F1xx_HAL_Driver/Src/stm32f1xx_hal_uart.o
 .text.makeFreeRtosPriority
                0x0800491c       0x2e ./Middlewares/Third_Party/FreeRTOS/Source/CMSIS_RTOS/cmsis_os.o
 .text.osKernelStart
                0x0800494a        0xe ./Middlewares/Third_Party/FreeRTOS/Source/CMSIS_RTOS/cmsis_os.o
                0x0800494a                osKernelStart
 .text.osThreadCreate
                0x08004958       0x98 ./Middlewares/Third_Party/FreeRTOS/Source/CMSIS_RTOS/cmsis_os.o
                0x08004958                osThreadCreate
 .text.osDelay  0x080049f0       0x28 ./Middlewares/Third_Party/FreeRTOS/Source/CMSIS_RTOS/cmsis_os.o
                0x080049f0                osDelay
 .text.xEventGroupCreate
                0x08004a18       0x34 ./Middlewares/Third_Party/FreeRTOS/Source/event_groups.o
                0x08004a18                xEventGroupCreate
 .text.xEventGroupWaitBits
                0x08004a4c      0x1a4 ./Middlewares/Third_Party/FreeRTOS/Source/event_groups.o
                0x08004a4c                xEventGroupWaitBits
 .text.xEventGroupClearBits
                0x08004bf0       0x72 ./Middlewares/Third_Party/FreeRTOS/Source/event_groups.o
                0x08004bf0                xEventGroupClearBits
 .text.xEventGroupSetBits
                0x08004c62      0x118 ./Middlewares/Third_Party/FreeRTOS/Source/event_groups.o
                0x08004c62                xEventGroupSetBits
 .text.vEventGroupSetBitsCallback
                0x08004d7a       0x1a ./Middlewares/Third_Party/FreeRTOS/Source/event_groups.o
                0x08004d7a                vEventGroupSetBitsCallback
 .text.prvTestWaitCondition
                0x08004d94       0x42 ./Middlewares/Third_Party/FreeRTOS/Source/event_groups.o
 .text.vListInitialise
                0x08004dd6       0x3e ./Middlewares/Third_Party/FreeRTOS/Source/list.o
                0x08004dd6                vListInitialise
 .text.vListInitialiseItem
                0x08004e14       0x18 ./Middlewares/Third_Party/FreeRTOS/Source/list.o
                0x08004e14                vListInitialiseItem
 .text.vListInsertEnd
                0x08004e2c       0x46 ./Middlewares/Third_Party/FreeRTOS/Source/list.o
                0x08004e2c                vListInsertEnd
 .text.vListInsert
                0x08004e72       0x70 ./Middlewares/Third_Party/FreeRTOS/Source/list.o
                0x08004e72                vListInsert
 .text.uxListRemove
                0x08004ee2       0x52 ./Middlewares/Third_Party/FreeRTOS/Source/list.o
                0x08004ee2                uxListRemove
 .text.xQueueGenericReset
                0x08004f34       0xd4 ./Middlewares/Third_Party/FreeRTOS/Source/queue.o
                0x08004f34                xQueueGenericReset
 .text.xQueueGenericCreateStatic
                0x08005008       0xfa ./Middlewares/Third_Party/FreeRTOS/Source/queue.o
                0x08005008                xQueueGenericCreateStatic
 .text.xQueueGenericCreate
                0x08005102       0x76 ./Middlewares/Third_Party/FreeRTOS/Source/queue.o
                0x08005102                xQueueGenericCreate
 .text.prvInitialiseNewQueue
                0x08005178       0x3e ./Middlewares/Third_Party/FreeRTOS/Source/queue.o
 *fill*         0x080051b6        0x2 
 .text.xQueueGenericSend
                0x080051b8      0x204 ./Middlewares/Third_Party/FreeRTOS/Source/queue.o
                0x080051b8                xQueueGenericSend
 .text.xQueueGenericSendFromISR
                0x080053bc      0x13c ./Middlewares/Third_Party/FreeRTOS/Source/queue.o
                0x080053bc                xQueueGenericSendFromISR
 .text.xQueueReceive
                0x080054f8      0x1c4 ./Middlewares/Third_Party/FreeRTOS/Source/queue.o
                0x080054f8                xQueueReceive
 .text.prvCopyDataToQueue
                0x080056bc       0xd4 ./Middlewares/Third_Party/FreeRTOS/Source/queue.o
 .text.prvCopyDataFromQueue
                0x08005790       0x4c ./Middlewares/Third_Party/FreeRTOS/Source/queue.o
 .text.prvUnlockQueue
                0x080057dc       0xa4 ./Middlewares/Third_Party/FreeRTOS/Source/queue.o
 .text.prvIsQueueEmpty
                0x08005880       0x2c ./Middlewares/Third_Party/FreeRTOS/Source/queue.o
 .text.prvIsQueueFull
                0x080058ac       0x30 ./Middlewares/Third_Party/FreeRTOS/Source/queue.o
 .text.vQueueAddToRegistry
                0x080058dc       0x50 ./Middlewares/Third_Party/FreeRTOS/Source/queue.o
                0x080058dc                vQueueAddToRegistry
 .text.vQueueWaitForMessageRestricted
                0x0800592c       0x68 ./Middlewares/Third_Party/FreeRTOS/Source/queue.o
                0x0800592c                vQueueWaitForMessageRestricted
 .text.xTaskCreateStatic
                0x08005994       0xc0 ./Middlewares/Third_Party/FreeRTOS/Source/tasks.o
                0x08005994                xTaskCreateStatic
 .text.xTaskCreate
                0x08005a54       0x8a ./Middlewares/Third_Party/FreeRTOS/Source/tasks.o
                0x08005a54                xTaskCreate
 .text.prvInitialiseNewTask
                0x08005ade      0x110 ./Middlewares/Third_Party/FreeRTOS/Source/tasks.o
 *fill*         0x08005bee        0x2 
 .text.prvAddNewTaskToReadyList
                0x08005bf0       0xd4 ./Middlewares/Third_Party/FreeRTOS/Source/tasks.o
 .text.vTaskDelay
                0x08005cc4       0x6c ./Middlewares/Third_Party/FreeRTOS/Source/tasks.o
                0x08005cc4                vTaskDelay
 .text.vTaskStartScheduler
                0x08005d30       0xd0 ./Middlewares/Third_Party/FreeRTOS/Source/tasks.o
                0x08005d30                vTaskStartScheduler
 .text.vTaskSuspendAll
                0x08005e00       0x1c ./Middlewares/Third_Party/FreeRTOS/Source/tasks.o
                0x08005e00                vTaskSuspendAll
 .text.xTaskResumeAll
                0x08005e1c      0x13c ./Middlewares/Third_Party/FreeRTOS/Source/tasks.o
                0x08005e1c                xTaskResumeAll
 .text.xTaskGetTickCount
                0x08005f58       0x1c ./Middlewares/Third_Party/FreeRTOS/Source/tasks.o
                0x08005f58                xTaskGetTickCount
 .text.xTaskIncrementTick
                0x08005f74      0x174 ./Middlewares/Third_Party/FreeRTOS/Source/tasks.o
                0x08005f74                xTaskIncrementTick
 .text.vTaskSwitchContext
                0x080060e8       0xb8 ./Middlewares/Third_Party/FreeRTOS/Source/tasks.o
                0x080060e8                vTaskSwitchContext
 .text.vTaskPlaceOnEventList
                0x080061a0       0x4c ./Middlewares/Third_Party/FreeRTOS/Source/tasks.o
                0x080061a0                vTaskPlaceOnEventList
 .text.vTaskPlaceOnUnorderedEventList
                0x080061ec       0x7c ./Middlewares/Third_Party/FreeRTOS/Source/tasks.o
                0x080061ec                vTaskPlaceOnUnorderedEventList
 .text.vTaskPlaceOnEventListRestricted
                0x08006268       0x58 ./Middlewares/Third_Party/FreeRTOS/Source/tasks.o
                0x08006268                vTaskPlaceOnEventListRestricted
 .text.xTaskRemoveFromEventList
                0x080062c0       0xc8 ./Middlewares/Third_Party/FreeRTOS/Source/tasks.o
                0x080062c0                xTaskRemoveFromEventList
 .text.vTaskRemoveFromUnorderedEventList
                0x08006388       0xc8 ./Middlewares/Third_Party/FreeRTOS/Source/tasks.o
                0x08006388                vTaskRemoveFromUnorderedEventList
 .text.vTaskInternalSetTimeOutState
                0x08006450       0x2c ./Middlewares/Third_Party/FreeRTOS/Source/tasks.o
                0x08006450                vTaskInternalSetTimeOutState
 .text.xTaskCheckForTimeOut
                0x0800647c       0xc8 ./Middlewares/Third_Party/FreeRTOS/Source/tasks.o
                0x0800647c                xTaskCheckForTimeOut
 .text.vTaskMissedYield
                0x08006544       0x18 ./Middlewares/Third_Party/FreeRTOS/Source/tasks.o
                0x08006544                vTaskMissedYield
 .text.prvIdleTask
                0x0800655c       0x30 ./Middlewares/Third_Party/FreeRTOS/Source/tasks.o
 .text.prvInitialiseTaskLists
                0x0800658c       0x80 ./Middlewares/Third_Party/FreeRTOS/Source/tasks.o
 .text.prvCheckTasksWaitingTermination
                0x0800660c       0x5c ./Middlewares/Third_Party/FreeRTOS/Source/tasks.o
 .text.prvDeleteTCB
                0x08006668       0x60 ./Middlewares/Third_Party/FreeRTOS/Source/tasks.o
 .text.prvResetNextTaskUnblockTime
                0x080066c8       0x40 ./Middlewares/Third_Party/FreeRTOS/Source/tasks.o
 .text.xTaskGetSchedulerState
                0x08006708       0x3c ./Middlewares/Third_Party/FreeRTOS/Source/tasks.o
                0x08006708                xTaskGetSchedulerState
 .text.xTaskPriorityDisinherit
                0x08006744      0x110 ./Middlewares/Third_Party/FreeRTOS/Source/tasks.o
                0x08006744                xTaskPriorityDisinherit
 .text.uxTaskResetEventItemValue
                0x08006854       0x30 ./Middlewares/Third_Party/FreeRTOS/Source/tasks.o
                0x08006854                uxTaskResetEventItemValue
 .text.prvAddCurrentTaskToDelayedList
                0x08006884       0xcc ./Middlewares/Third_Party/FreeRTOS/Source/tasks.o
 .text.xTimerCreateTimerTask
                0x08006950       0x94 ./Middlewares/Third_Party/FreeRTOS/Source/timers.o
                0x08006950                xTimerCreateTimerTask
 .text.xTimerGenericCommand
                0x080069e4       0x9c ./Middlewares/Third_Party/FreeRTOS/Source/timers.o
                0x080069e4                xTimerGenericCommand
 .text.prvProcessExpiredTimer
                0x08006a80       0x9c ./Middlewares/Third_Party/FreeRTOS/Source/timers.o
 .text.prvTimerTask
                0x08006b1c       0x26 ./Middlewares/Third_Party/FreeRTOS/Source/timers.o
 *fill*         0x08006b42        0x2 
 .text.prvProcessTimerOrBlockTask
                0x08006b44       0x9c ./Middlewares/Third_Party/FreeRTOS/Source/timers.o
 .text.prvGetNextExpireTime
                0x08006be0       0x44 ./Middlewares/Third_Party/FreeRTOS/Source/timers.o
 .text.prvSampleTimeNow
                0x08006c24       0x40 ./Middlewares/Third_Party/FreeRTOS/Source/timers.o
 .text.prvInsertTimerInActiveList
                0x08006c64       0x84 ./Middlewares/Third_Party/FreeRTOS/Source/timers.o
 .text.prvProcessReceivedCommands
                0x08006ce8      0x1cc ./Middlewares/Third_Party/FreeRTOS/Source/timers.o
 .text.prvSwitchTimerLists
                0x08006eb4       0xcc ./Middlewares/Third_Party/FreeRTOS/Source/timers.o
 .text.prvCheckForValidListAndQueue
                0x08006f80       0x80 ./Middlewares/Third_Party/FreeRTOS/Source/timers.o
 .text.xTimerPendFunctionCallFromISR
                0x08007000       0x40 ./Middlewares/Third_Party/FreeRTOS/Source/timers.o
                0x08007000                xTimerPendFunctionCallFromISR
 .text.pxPortInitialiseStack
                0x08007040       0x58 ./Middlewares/Third_Party/FreeRTOS/Source/portable/GCC/ARM_CM3/port.o
                0x08007040                pxPortInitialiseStack
 .text.prvTaskExitError
                0x08007098       0x58 ./Middlewares/Third_Party/FreeRTOS/Source/portable/GCC/ARM_CM3/port.o
 .text.SVC_Handler
                0x080070f0       0x28 ./Middlewares/Third_Party/FreeRTOS/Source/portable/GCC/ARM_CM3/port.o
                0x080070f0                SVC_Handler
 .text.prvPortStartFirstTask
                0x08007118       0x20 ./Middlewares/Third_Party/FreeRTOS/Source/portable/GCC/ARM_CM3/port.o
 .text.xPortStartScheduler
                0x08007138       0xe4 ./Middlewares/Third_Party/FreeRTOS/Source/portable/GCC/ARM_CM3/port.o
                0x08007138                xPortStartScheduler
 .text.vPortEnterCritical
                0x0800721c       0x60 ./Middlewares/Third_Party/FreeRTOS/Source/portable/GCC/ARM_CM3/port.o
                0x0800721c                vPortEnterCritical
 .text.vPortExitCritical
                0x0800727c       0x54 ./Middlewares/Third_Party/FreeRTOS/Source/portable/GCC/ARM_CM3/port.o
                0x0800727c                vPortExitCritical
 .text.PendSV_Handler
                0x080072d0       0x48 ./Middlewares/Third_Party/FreeRTOS/Source/portable/GCC/ARM_CM3/port.o
                0x080072d0                PendSV_Handler
 .text.xPortSysTickHandler
                0x08007318       0x44 ./Middlewares/Third_Party/FreeRTOS/Source/portable/GCC/ARM_CM3/port.o
                0x08007318                xPortSysTickHandler
 .text.vPortSetupTimerInterrupt
                0x0800735c       0x44 ./Middlewares/Third_Party/FreeRTOS/Source/portable/GCC/ARM_CM3/port.o
                0x0800735c                vPortSetupTimerInterrupt
 .text.vPortValidateInterruptPriority
                0x080073a0       0x80 ./Middlewares/Third_Party/FreeRTOS/Source/portable/GCC/ARM_CM3/port.o
                0x080073a0                vPortValidateInterruptPriority
 .text.pvPortMalloc
                0x08007420      0x19c ./Middlewares/Third_Party/FreeRTOS/Source/portable/MemMang/heap_4.o
                0x08007420                pvPortMalloc
 .text.vPortFree
                0x080075bc       0xc8 ./Middlewares/Third_Party/FreeRTOS/Source/portable/MemMang/heap_4.o
                0x080075bc                vPortFree
 .text.prvHeapInit
                0x08007684       0xc4 ./Middlewares/Third_Party/FreeRTOS/Source/portable/MemMang/heap_4.o
 .text.prvInsertBlockIntoFreeList
                0x08007748       0xb0 ./Middlewares/Third_Party/FreeRTOS/Source/portable/MemMang/heap_4.o
 .text.memset   0x080077f8       0x10 C:/ST/STM32CubeIDE_2.1.1/STM32CubeIDE/plugins/com.st.stm32cube.ide.mcu.externaltools.gnu-tools-for-stm32.14.3.rel1.win32_1.0.100.202602081740/tools/bin/../lib/gcc/arm-none-eabi/14.3.1/../../../../arm-none-eabi/lib/thumb/v7-m/nofp\libc_nano.a(libc_a-memset.o)
                0x080077f8                memset
 .text.__libc_init_array
                0x08007808       0x48 C:/ST/STM32CubeIDE_2.1.1/STM32CubeIDE/plugins/com.st.stm32cube.ide.mcu.externaltools.gnu-tools-for-stm32.14.3.rel1.win32_1.0.100.202602081740/tools/bin/../lib/gcc/arm-none-eabi/14.3.1/../../../../arm-none-eabi/lib/thumb/v7-m/nofp\libc_nano.a(libc_a-init.o)
                0x08007808                __libc_init_array
 .text.memcpy   0x08007850       0x1c C:/ST/STM32CubeIDE_2.1.1/STM32CubeIDE/plugins/com.st.stm32cube.ide.mcu.externaltools.gnu-tools-for-stm32.14.3.rel1.win32_1.0.100.202602081740/tools/bin/../lib/gcc/arm-none-eabi/14.3.1/../../../../arm-none-eabi/lib/thumb/v7-m/nofp\libc_nano.a(libc_a-memcpy-stub.o)
                0x08007850                memcpy
 *(.glue_7)
 .glue_7        0x0800786c        0x0 linker stubs
 *(.glue_7t)
 .glue_7t       0x0800786c        0x0 linker stubs
 *(.eh_frame)
 .eh_frame      0x0800786c        0x0 C:/ST/STM32CubeIDE_2.1.1/STM32CubeIDE/plugins/com.st.stm32cube.ide.mcu.externaltools.gnu-tools-for-stm32.14.3.rel1.win32_1.0.100.202602081740/tools/bin/../lib/gcc/arm-none-eabi/14.3.1/thumb/v7-m/nofp/crtbegin.o
 *(.init)
 .init          0x0800786c        0x4 C:/ST/STM32CubeIDE_2.1.1/STM32CubeIDE/plugins/com.st.stm32cube.ide.mcu.externaltools.gnu-tools-for-stm32.14.3.rel1.win32_1.0.100.202602081740/tools/bin/../lib/gcc/arm-none-eabi/14.3.1/thumb/v7-m/nofp/crti.o
                0x0800786c                _init
 .init          0x08007870        0x8 C:/ST/STM32CubeIDE_2.1.1/STM32CubeIDE/plugins/com.st.stm32cube.ide.mcu.externaltools.gnu-tools-for-stm32.14.3.rel1.win32_1.0.100.202602081740/tools/bin/../lib/gcc/arm-none-eabi/14.3.1/thumb/v7-m/nofp/crtn.o
 *(.fini)
 .fini          0x08007878        0x4 C:/ST/STM32CubeIDE_2.1.1/STM32CubeIDE/plugins/com.st.stm32cube.ide.mcu.externaltools.gnu-tools-for-stm32.14.3.rel1.win32_1.0.100.202602081740/tools/bin/../lib/gcc/arm-none-eabi/14.3.1/thumb/v7-m/nofp/crti.o
                0x08007878                _fini
 .fini          0x0800787c        0x8 C:/ST/STM32CubeIDE_2.1.1/STM32CubeIDE/plugins/com.st.stm32cube.ide.mcu.externaltools.gnu-tools-for-stm32.14.3.rel1.win32_1.0.100.202602081740/tools/bin/../lib/gcc/arm-none-eabi/14.3.1/thumb/v7-m/nofp/crtn.o
                0x08007884                        . = ALIGN (0x4)
                0x08007884                        _etext = .

.vfp11_veneer   0x08007884        0x0
 .vfp11_veneer  0x08007884        0x0 linker stubs

.v4_bx          0x08007884        0x0
 .v4_bx         0x08007884        0x0 linker stubs

.iplt           0x08007884        0x0
 .iplt          0x08007884        0x0 C:/ST/STM32CubeIDE_2.1.1/STM32CubeIDE/plugins/com.st.stm32cube.ide.mcu.externaltools.gnu-tools-for-stm32.14.3.rel1.win32_1.0.100.202602081740/tools/bin/../lib/gcc/arm-none-eabi/14.3.1/thumb/v7-m/nofp/crtbegin.o

.rodata         0x08007884      0x1c4
                0x08007884                        . = ALIGN (0x4)
 *(.rodata)
 .rodata        0x08007884       0x90 ./Core/Src/app_os.o
 .rodata        0x08007914        0xc ./Core/Src/belt.o
 .rodata        0x08007920       0x10 ./Core/Src/driver_hmi.o
 .rodata        0x08007930       0x28 ./Core/Src/freertos.o
 .rodata        0x08007958       0xa8 ./Core/Src/task_hmi.o
 .rodata        0x08007a00        0x5 ./Middlewares/Third_Party/FreeRTOS/Source/tasks.o
 *fill*         0x08007a05        0x3 
 .rodata        0x08007a08        0xd ./Middlewares/Third_Party/FreeRTOS/Source/timers.o
 *(.rodata*)
 *fill*         0x08007a15        0x3 
 .rodata.base.0
                0x08007a18        0x4 ./Core/Src/driver_lcd_i2c.o
 .rodata.AHBPrescTable
                0x08007a1c       0x10 ./Core/Src/system_stm32f1xx.o
                0x08007a1c                AHBPrescTable
 .rodata.APBPrescTable
                0x08007a2c        0x8 ./Core/Src/system_stm32f1xx.o
                0x08007a2c                APBPrescTable
 .rodata.aPLLMULFactorTable.1
                0x08007a34       0x10 ./Drivers/STM32F1xx_HAL_Driver/Src/stm32f1xx_hal_rcc.o
 .rodata.aPredivFactorTable.0
                0x08007a44        0x2 ./Drivers/STM32F1xx_HAL_Driver/Src/stm32f1xx_hal_rcc.o
                0x08007a48                        . = ALIGN (0x4)
 *fill*         0x08007a46        0x2 

.ARM.extab      0x08007a48        0x0
                0x08007a48                        . = ALIGN (0x4)
 *(.ARM.extab* .gnu.linkonce.armextab.*)
                0x08007a48                        . = ALIGN (0x4)

.ARM            0x08007a48        0x0
                0x08007a48                        . = ALIGN (0x4)
                0x08007a48                        __exidx_start = .
 *(.ARM.exidx*)
                0x08007a48                        __exidx_end = .
                0x08007a48                        . = ALIGN (0x4)

.preinit_array  0x08007a48        0x0
                0x08007a48                        . = ALIGN (0x4)
                0x08007a48                        PROVIDE (__preinit_array_start = .)
 *(.preinit_array*)
                0x08007a48                        PROVIDE (__preinit_array_end = .)
                0x08007a48                        . = ALIGN (0x4)

.init_array     0x08007a48        0x4
                0x08007a48                        . = ALIGN (0x4)
                0x08007a48                        PROVIDE (__init_array_start = .)
 *(SORT_BY_NAME(.init_array.*))
 *(.init_array*)
 .init_array    0x08007a48        0x4 C:/ST/STM32CubeIDE_2.1.1/STM32CubeIDE/plugins/com.st.stm32cube.ide.mcu.externaltools.gnu-tools-for-stm32.14.3.rel1.win32_1.0.100.202602081740/tools/bin/../lib/gcc/arm-none-eabi/14.3.1/thumb/v7-m/nofp/crtbegin.o
                0x08007a4c                        PROVIDE (__init_array_end = .)
                0x08007a4c                        . = ALIGN (0x4)

.fini_array     0x08007a4c        0x4
                0x08007a4c                        . = ALIGN (0x4)
                [!provide]                        PROVIDE (__fini_array_start = .)
 *(SORT_BY_NAME(.fini_array.*))
 *(.fini_array*)
 .fini_array    0x08007a4c        0x4 C:/ST/STM32CubeIDE_2.1.1/STM32CubeIDE/plugins/com.st.stm32cube.ide.mcu.externaltools.gnu-tools-for-stm32.14.3.rel1.win32_1.0.100.202602081740/tools/bin/../lib/gcc/arm-none-eabi/14.3.1/thumb/v7-m/nofp/crtbegin.o
                [!provide]                        PROVIDE (__fini_array_end = .)
                0x08007a50                        . = ALIGN (0x4)
                0x08007a50                        _sidata = LOADADDR (.data)

.rel.dyn        0x08007a50        0x0
 .rel.iplt      0x08007a50        0x0 C:/ST/STM32CubeIDE_2.1.1/STM32CubeIDE/plugins/com.st.stm32cube.ide.mcu.externaltools.gnu-tools-for-stm32.14.3.rel1.win32_1.0.100.202602081740/tools/bin/../lib/gcc/arm-none-eabi/14.3.1/thumb/v7-m/nofp/crtbegin.o

.data           0x20000000       0x18 load address 0x08007a50
                0x20000000                        . = ALIGN (0x4)
                0x20000000                        _sdata = .
 *(.data)
 *(.data*)
 .data.g_bl     0x20000000        0x1 ./Core/Src/driver_lcd_i2c.o
 *fill*         0x20000001        0x3 
 .data.SystemCoreClock
                0x20000004        0x4 ./Core/Src/system_stm32f1xx.o
                0x20000004                SystemCoreClock
 .data.prev_state
                0x20000008        0x1 ./Core/Src/task_hmi.o
 .data.prev_fault
                0x20000009        0x1 ./Core/Src/task_hmi.o
 *fill*         0x2000000a        0x2 
 .data.uwTickPrio
                0x2000000c        0x4 ./Drivers/STM32F1xx_HAL_Driver/Src/stm32f1xx_hal.o
                0x2000000c                uwTickPrio
 .data.uwTickFreq
                0x20000010        0x1 ./Drivers/STM32F1xx_HAL_Driver/Src/stm32f1xx_hal.o
                0x20000010                uwTickFreq
 *fill*         0x20000011        0x3 
 .data.uxCriticalNesting
                0x20000014        0x4 ./Middlewares/Third_Party/FreeRTOS/Source/portable/GCC/ARM_CM3/port.o
 *(.RamFunc)
 *(.RamFunc*)
                0x20000018                        . = ALIGN (0x4)
                0x20000018                        _edata = .

.igot.plt       0x20000018        0x0 load address 0x08007a68
 .igot.plt      0x20000018        0x0 C:/ST/STM32CubeIDE_2.1.1/STM32CubeIDE/plugins/com.st.stm32cube.ide.mcu.externaltools.gnu-tools-for-stm32.14.3.rel1.win32_1.0.100.202602081740/tools/bin/../lib/gcc/arm-none-eabi/14.3.1/thumb/v7-m/nofp/crtbegin.o
                0x20000018                        . = ALIGN (0x4)

.bss            0x20000018     0x3ae4 load address 0x08007a68
                0x20000018                        _sbss = .
                0x20000018                        __bss_start__ = _sbss
 *(.bss)
 .bss           0x20000018       0x1c C:/ST/STM32CubeIDE_2.1.1/STM32CubeIDE/plugins/com.st.stm32cube.ide.mcu.externaltools.gnu-tools-for-stm32.14.3.rel1.win32_1.0.100.202602081740/tools/bin/../lib/gcc/arm-none-eabi/14.3.1/thumb/v7-m/nofp/crtbegin.o
 *(.bss*)
 .bss.sensorTaskHandle
                0x20000034        0x4 ./Core/Src/app_os.o
                0x20000034                sensorTaskHandle
 .bss.conveyorTaskHandle
                0x20000038        0x4 ./Core/Src/app_os.o
                0x20000038                conveyorTaskHandle
 .bss.servoTaskHandle
                0x2000003c        0x4 ./Core/Src/app_os.o
                0x2000003c                servoTaskHandle
 .bss.hmiTaskHandle
                0x20000040        0x4 ./Core/Src/app_os.o
                0x20000040                hmiTaskHandle
 .bss.gEvent    0x20000044        0x4 ./Core/Src/app_os.o
                0x20000044                gEvent
 .bss.gConvQ    0x20000048        0x4 ./Core/Src/app_os.o
                0x20000048                gConvQ
 .bss.gActQ     0x2000004c        0x4 ./Core/Src/app_os.o
                0x2000004c                gActQ
 .bss.g_state   0x20000050        0x1 ./Core/Src/belt.o
                0x20000050                g_state
 .bss.g_fault   0x20000051        0x1 ./Core/Src/belt.o
                0x20000051                g_fault
 .bss.g_run_enable
                0x20000052        0x1 ./Core/Src/belt.o
 *fill*         0x20000053        0x1 
 .bss.ic_high_since_ms
                0x20000054        0x4 ./Core/Src/belt.o
 .bss.servo_cmd_ts_ms
                0x20000058        0x4 ./Core/Src/belt.o
 .bss.area_clear_since_ms
                0x2000005c        0x4 ./Core/Src/belt.o
 .bss.act_done_latched
                0x20000060        0x1 ./Core/Src/belt.o
 .bss.area_clear_latched
                0x20000061        0x1 ./Core/Src/belt.o
 .bss.runM      0x20000062        0x1 ./Core/Src/driver_hmi.o
 .bss.stopM     0x20000063        0x1 ./Core/Src/driver_hmi.o
 .bss.faultM    0x20000064        0x1 ./Core/Src/driver_hmi.o
 *fill*         0x20000065        0x3 
 .bss.defaultTaskHandle
                0x20000068        0x4 ./Core/Src/freertos.o
                0x20000068                defaultTaskHandle
 .bss.xIdleTaskTCBBuffer
                0x2000006c       0x54 ./Core/Src/freertos.o
 .bss.xIdleStack
                0x200000c0      0x200 ./Core/Src/freertos.o
 .bss.xTimerTaskTCBBuffer
                0x200002c0       0x54 ./Core/Src/freertos.o
 .bss.xTimerStack
                0x20000314      0x400 ./Core/Src/freertos.o
 .bss.hi2c1     0x20000714       0x54 ./Core/Src/i2c.o
                0x20000714                hi2c1
 .bss.htim2     0x20000768       0x48 ./Core/Src/tim.o
                0x20000768                htim2
 .bss.htim3     0x200007b0       0x48 ./Core/Src/tim.o
                0x200007b0                htim3
 .bss.huart2    0x200007f8       0x48 ./Core/Src/usart.o
                0x200007f8                huart2
 .bss.uwTick    0x20000840        0x4 ./Drivers/STM32F1xx_HAL_Driver/Src/stm32f1xx_hal.o
                0x20000840                uwTick
 .bss.xQueueRegistry
                0x20000844       0x40 ./Middlewares/Third_Party/FreeRTOS/Source/queue.o
                0x20000844                xQueueRegistry
 .bss.pxCurrentTCB
                0x20000884        0x4 ./Middlewares/Third_Party/FreeRTOS/Source/tasks.o
                0x20000884                pxCurrentTCB
 .bss.pxReadyTasksLists
                0x20000888       0x8c ./Middlewares/Third_Party/FreeRTOS/Source/tasks.o
 .bss.xDelayedTaskList1
                0x20000914       0x14 ./Middlewares/Third_Party/FreeRTOS/Source/tasks.o
 .bss.xDelayedTaskList2
                0x20000928       0x14 ./Middlewares/Third_Party/FreeRTOS/Source/tasks.o
 .bss.pxDelayedTaskList
                0x2000093c        0x4 ./Middlewares/Third_Party/FreeRTOS/Source/tasks.o
 .bss.pxOverflowDelayedTaskList
                0x20000940        0x4 ./Middlewares/Third_Party/FreeRTOS/Source/tasks.o
 .bss.xPendingReadyList
                0x20000944       0x14 ./Middlewares/Third_Party/FreeRTOS/Source/tasks.o
 .bss.xTasksWaitingTermination
                0x20000958       0x14 ./Middlewares/Third_Party/FreeRTOS/Source/tasks.o
 .bss.uxDeletedTasksWaitingCleanUp
                0x2000096c        0x4 ./Middlewares/Third_Party/FreeRTOS/Source/tasks.o
 .bss.xSuspendedTaskList
                0x20000970       0x14 ./Middlewares/Third_Party/FreeRTOS/Source/tasks.o
 .bss.uxCurrentNumberOfTasks
                0x20000984        0x4 ./Middlewares/Third_Party/FreeRTOS/Source/tasks.o
 .bss.xTickCount
                0x20000988        0x4 ./Middlewares/Third_Party/FreeRTOS/Source/tasks.o
 .bss.uxTopReadyPriority
                0x2000098c        0x4 ./Middlewares/Third_Party/FreeRTOS/Source/tasks.o
 .bss.xSchedulerRunning
                0x20000990        0x4 ./Middlewares/Third_Party/FreeRTOS/Source/tasks.o
 .bss.xPendedTicks
                0x20000994        0x4 ./Middlewares/Third_Party/FreeRTOS/Source/tasks.o
 .bss.xYieldPending
                0x20000998        0x4 ./Middlewares/Third_Party/FreeRTOS/Source/tasks.o
 .bss.xNumOfOverflows
                0x2000099c        0x4 ./Middlewares/Third_Party/FreeRTOS/Source/tasks.o
 .bss.uxTaskNumber
                0x200009a0        0x4 ./Middlewares/Third_Party/FreeRTOS/Source/tasks.o
 .bss.xNextTaskUnblockTime
                0x200009a4        0x4 ./Middlewares/Third_Party/FreeRTOS/Source/tasks.o
 .bss.xIdleTaskHandle
                0x200009a8        0x4 ./Middlewares/Third_Party/FreeRTOS/Source/tasks.o
 .bss.uxSchedulerSuspended
                0x200009ac        0x4 ./Middlewares/Third_Party/FreeRTOS/Source/tasks.o
 .bss.xActiveTimerList1
                0x200009b0       0x14 ./Middlewares/Third_Party/FreeRTOS/Source/timers.o
 .bss.xActiveTimerList2
                0x200009c4       0x14 ./Middlewares/Third_Party/FreeRTOS/Source/timers.o
 .bss.pxCurrentTimerList
                0x200009d8        0x4 ./Middlewares/Third_Party/FreeRTOS/Source/timers.o
 .bss.pxOverflowTimerList
                0x200009dc        0x4 ./Middlewares/Third_Party/FreeRTOS/Source/timers.o
 .bss.xTimerQueue
                0x200009e0        0x4 ./Middlewares/Third_Party/FreeRTOS/Source/timers.o
 .bss.xTimerTaskHandle
                0x200009e4        0x4 ./Middlewares/Third_Party/FreeRTOS/Source/timers.o
 .bss.xLastTime.2
                0x200009e8        0x4 ./Middlewares/Third_Party/FreeRTOS/Source/timers.o
 .bss.ucStaticTimerQueueStorage.1
                0x200009ec       0xa0 ./Middlewares/Third_Party/FreeRTOS/Source/timers.o
 .bss.xStaticTimerQueue.0
                0x20000a8c       0x48 ./Middlewares/Third_Party/FreeRTOS/Source/timers.o
 .bss.ucMaxSysCallPriority
                0x20000ad4        0x1 ./Middlewares/Third_Party/FreeRTOS/Source/portable/GCC/ARM_CM3/port.o
 *fill*         0x20000ad5        0x3 
 .bss.ulMaxPRIGROUPValue
                0x20000ad8        0x4 ./Middlewares/Third_Party/FreeRTOS/Source/portable/GCC/ARM_CM3/port.o
 .bss.ucHeap    0x20000adc     0x3000 ./Middlewares/Third_Party/FreeRTOS/Source/portable/MemMang/heap_4.o
 .bss.xStart    0x20003adc        0x8 ./Middlewares/Third_Party/FreeRTOS/Source/portable/MemMang/heap_4.o
 .bss.pxEnd     0x20003ae4        0x4 ./Middlewares/Third_Party/FreeRTOS/Source/portable/MemMang/heap_4.o
 .bss.xFreeBytesRemaining
                0x20003ae8        0x4 ./Middlewares/Third_Party/FreeRTOS/Source/portable/MemMang/heap_4.o
 .bss.xMinimumEverFreeBytesRemaining
                0x20003aec        0x4 ./Middlewares/Third_Party/FreeRTOS/Source/portable/MemMang/heap_4.o
 .bss.xNumberOfSuccessfulAllocations
                0x20003af0        0x4 ./Middlewares/Third_Party/FreeRTOS/Source/portable/MemMang/heap_4.o
 .bss.xNumberOfSuccessfulFrees
                0x20003af4        0x4 ./Middlewares/Third_Party/FreeRTOS/Source/portable/MemMang/heap_4.o
 .bss.xBlockAllocatedBit
                0x20003af8        0x4 ./Middlewares/Third_Party/FreeRTOS/Source/portable/MemMang/heap_4.o
 *(COMMON)
                0x20003afc                        . = ALIGN (0x4)
                0x20003afc                        _ebss = .
                0x20003afc                        __bss_end__ = _ebss

._user_heap_stack
                0x20003afc      0x604 load address 0x08007a68
                0x20003b00                        . = ALIGN (0x8)
 *fill*         0x20003afc        0x4 
                [!provide]                        PROVIDE (end = .)
                0x20003b00                        PROVIDE (_end = .)
                0x20003d00                        . = (. + _Min_Heap_Size)
 *fill*         0x20003b00      0x200 
                0x20004100                        . = (. + _Min_Stack_Size)
 *fill*         0x20003d00      0x400 
                0x20004100                        . = ALIGN (0x8)

/DISCARD/
 libc.a(*)
 libm.a(*)
 libgcc.a(*)

.ARM.attributes
                0x00000000       0x29
 *(.ARM.attributes)
 .ARM.attributes
                0x00000000       0x1d C:/ST/STM32CubeIDE_2.1.1/STM32CubeIDE/plugins/com.st.stm32cube.ide.mcu.externaltools.gnu-tools-for-stm32.14.3.rel1.win32_1.0.100.202602081740/tools/bin/../lib/gcc/arm-none-eabi/14.3.1/thumb/v7-m/nofp/crti.o
 .ARM.attributes
                0x0000001d       0x2d C:/ST/STM32CubeIDE_2.1.1/STM32CubeIDE/plugins/com.st.stm32cube.ide.mcu.externaltools.gnu-tools-for-stm32.14.3.rel1.win32_1.0.100.202602081740/tools/bin/../lib/gcc/arm-none-eabi/14.3.1/thumb/v7-m/nofp/crtbegin.o
 .ARM.attributes
                0x0000004a       0x2d ./Core/Src/app_os.o
 .ARM.attributes
                0x00000077       0x2d ./Core/Src/belt.o
 .ARM.attributes
                0x000000a4       0x2d ./Core/Src/driver_conveyor.o
 .ARM.attributes
                0x000000d1       0x2d ./Core/Src/driver_hmi.o
 .ARM.attributes
                0x000000fe       0x2d ./Core/Src/driver_lcd_i2c.o
 .ARM.attributes
                0x0000012b       0x2d ./Core/Src/driver_servo.o
 .ARM.attributes
                0x00000158       0x2d ./Core/Src/freertos.o
 .ARM.attributes
                0x00000185       0x2d ./Core/Src/gpio.o
 .ARM.attributes
                0x000001b2       0x2d ./Core/Src/i2c.o
 .ARM.attributes
                0x000001df       0x2d ./Core/Src/main.o
 .ARM.attributes
                0x0000020c       0x2d ./Core/Src/stm32f1xx_hal_msp.o
 .ARM.attributes
                0x00000239       0x2d ./Core/Src/stm32f1xx_it.o
 .ARM.attributes
                0x00000266       0x2d ./Core/Src/system_stm32f1xx.o
 .ARM.attributes
                0x00000293       0x2d ./Core/Src/task_conveyor.o
 .ARM.attributes
                0x000002c0       0x2d ./Core/Src/task_hmi.o
 .ARM.attributes
                0x000002ed       0x2d ./Core/Src/task_sensor.o
 .ARM.attributes
                0x0000031a       0x2d ./Core/Src/task_servo.o
 .ARM.attributes
                0x00000347       0x2d ./Core/Src/tim.o
 .ARM.attributes
                0x00000374       0x2d ./Core/Src/usart.o
 .ARM.attributes
                0x000003a1       0x21 ./Core/Startup/startup_stm32f103rbtx.o
 .ARM.attributes
                0x000003c2       0x2d ./Drivers/STM32F1xx_HAL_Driver/Src/stm32f1xx_hal.o
 .ARM.attributes
                0x000003ef       0x2d ./Drivers/STM32F1xx_HAL_Driver/Src/stm32f1xx_hal_cortex.o
 .ARM.attributes
                0x0000041c       0x2d ./Drivers/STM32F1xx_HAL_Driver/Src/stm32f1xx_hal_gpio.o
 .ARM.attributes
                0x00000449       0x2d ./Drivers/STM32F1xx_HAL_Driver/Src/stm32f1xx_hal_i2c.o
 .ARM.attributes
                0x00000476       0x2d ./Drivers/STM32F1xx_HAL_Driver/Src/stm32f1xx_hal_rcc.o
 .ARM.attributes
                0x000004a3       0x2d ./Drivers/STM32F1xx_HAL_Driver/Src/stm32f1xx_hal_tim.o
 .ARM.attributes
                0x000004d0       0x2d ./Drivers/STM32F1xx_HAL_Driver/Src/stm32f1xx_hal_tim_ex.o
 .ARM.attributes
                0x000004fd       0x2d ./Drivers/STM32F1xx_HAL_Driver/Src/stm32f1xx_hal_uart.o
 .ARM.attributes
                0x0000052a       0x2d ./Middlewares/Third_Party/FreeRTOS/Source/CMSIS_RTOS/cmsis_os.o
 .ARM.attributes
                0x00000557       0x2d ./Middlewares/Third_Party/FreeRTOS/Source/event_groups.o
 .ARM.attributes
                0x00000584       0x2d ./Middlewares/Third_Party/FreeRTOS/Source/list.o
 .ARM.attributes
                0x000005b1       0x2d ./Middlewares/Third_Party/FreeRTOS/Source/queue.o
 .ARM.attributes
                0x000005de       0x2d ./Middlewares/Third_Party/FreeRTOS/Source/tasks.o
 .ARM.attributes
                0x0000060b       0x2d ./Middlewares/Third_Party/FreeRTOS/Source/timers.o
 .ARM.attributes
                0x00000638       0x2d ./Middlewares/Third_Party/FreeRTOS/Source/portable/GCC/ARM_CM3/port.o
 .ARM.attributes
                0x00000665       0x2d ./Middlewares/Third_Party/FreeRTOS/Source/portable/MemMang/heap_4.o
 .ARM.attributes
                0x00000692       0x2d C:/ST/STM32CubeIDE_2.1.1/STM32CubeIDE/plugins/com.st.stm32cube.ide.mcu.externaltools.gnu-tools-for-stm32.14.3.rel1.win32_1.0.100.202602081740/tools/bin/../lib/gcc/arm-none-eabi/14.3.1/../../../../arm-none-eabi/lib/thumb/v7-m/nofp\libc_nano.a(libc_a-memset.o)
 .ARM.attributes
                0x000006bf       0x2d C:/ST/STM32CubeIDE_2.1.1/STM32CubeIDE/plugins/com.st.stm32cube.ide.mcu.externaltools.gnu-tools-for-stm32.14.3.rel1.win32_1.0.100.202602081740/tools/bin/../lib/gcc/arm-none-eabi/14.3.1/../../../../arm-none-eabi/lib/thumb/v7-m/nofp\libc_nano.a(libc_a-init.o)
 .ARM.attributes
                0x000006ec       0x2d C:/ST/STM32CubeIDE_2.1.1/STM32CubeIDE/plugins/com.st.stm32cube.ide.mcu.externaltools.gnu-tools-for-stm32.14.3.rel1.win32_1.0.100.202602081740/tools/bin/../lib/gcc/arm-none-eabi/14.3.1/../../../../arm-none-eabi/lib/thumb/v7-m/nofp\libc_nano.a(libc_a-memcpy-stub.o)
 .ARM.attributes
                0x00000719       0x1d C:/ST/STM32CubeIDE_2.1.1/STM32CubeIDE/plugins/com.st.stm32cube.ide.mcu.externaltools.gnu-tools-for-stm32.14.3.rel1.win32_1.0.100.202602081740/tools/bin/../lib/gcc/arm-none-eabi/14.3.1/thumb/v7-m/nofp\libgcc.a(_arm_addsubsf3.o)
 .ARM.attributes
                0x00000736       0x1d C:/ST/STM32CubeIDE_2.1.1/STM32CubeIDE/plugins/com.st.stm32cube.ide.mcu.externaltools.gnu-tools-for-stm32.14.3.rel1.win32_1.0.100.202602081740/tools/bin/../lib/gcc/arm-none-eabi/14.3.1/thumb/v7-m/nofp\libgcc.a(_arm_muldivsf3.o)
 .ARM.attributes
                0x00000753       0x1d C:/ST/STM32CubeIDE_2.1.1/STM32CubeIDE/plugins/com.st.stm32cube.ide.mcu.externaltools.gnu-tools-for-stm32.14.3.rel1.win32_1.0.100.202602081740/tools/bin/../lib/gcc/arm-none-eabi/14.3.1/thumb/v7-m/nofp\libgcc.a(_arm_fixunssfsi.o)
 .ARM.attributes
                0x00000770       0x1d C:/ST/STM32CubeIDE_2.1.1/STM32CubeIDE/plugins/com.st.stm32cube.ide.mcu.externaltools.gnu-tools-for-stm32.14.3.rel1.win32_1.0.100.202602081740/tools/bin/../lib/gcc/arm-none-eabi/14.3.1/thumb/v7-m/nofp/crtn.o
OUTPUT(Factory.elf elf32-littlearm)
LOAD linker stubs
LOAD C:/ST/STM32CubeIDE_2.1.1/STM32CubeIDE/plugins/com.st.stm32cube.ide.mcu.externaltools.gnu-tools-for-stm32.14.3.rel1.win32_1.0.100.202602081740/tools/bin/../lib/gcc/arm-none-eabi/14.3.1/../../../../arm-none-eabi/lib/thumb/v7-m/nofp\libc.a
LOAD C:/ST/STM32CubeIDE_2.1.1/STM32CubeIDE/plugins/com.st.stm32cube.ide.mcu.externaltools.gnu-tools-for-stm32.14.3.rel1.win32_1.0.100.202602081740/tools/bin/../lib/gcc/arm-none-eabi/14.3.1/../../../../arm-none-eabi/lib/thumb/v7-m/nofp\libm.a
LOAD C:/ST/STM32CubeIDE_2.1.1/STM32CubeIDE/plugins/com.st.stm32cube.ide.mcu.externaltools.gnu-tools-for-stm32.14.3.rel1.win32_1.0.100.202602081740/tools/bin/../lib/gcc/arm-none-eabi/14.3.1/thumb/v7-m/nofp\libgcc.a

.debug_info     0x00000000    0x1942d
 .debug_info    0x00000000      0x4b5 ./Core/Src/app_os.o
 .debug_info    0x000004b5      0x5ca ./Core/Src/belt.o
 .debug_info    0x00000a7f      0x6a9 ./Core/Src/driver_conveyor.o
 .debug_info    0x00001128      0x2cf ./Core/Src/driver_hmi.o
 .debug_info    0x000013f7      0x920 ./Core/Src/driver_lcd_i2c.o
 .debug_info    0x00001d17      0x6c8 ./Core/Src/driver_servo.o
 .debug_info    0x000023df      0x531 ./Core/Src/freertos.o
 .debug_info    0x00002910      0x4f9 ./Core/Src/gpio.o
 .debug_info    0x00002e09      0x7e3 ./Core/Src/i2c.o
 .debug_info    0x000035ec      0x336 ./Core/Src/main.o
 .debug_info    0x00003922      0x361 ./Core/Src/stm32f1xx_hal_msp.o
 .debug_info    0x00003c83      0x7c1 ./Core/Src/stm32f1xx_it.o
 .debug_info    0x00004444      0x222 ./Core/Src/system_stm32f1xx.o
 .debug_info    0x00004666      0x29e ./Core/Src/task_conveyor.o
 .debug_info    0x00004904      0x296 ./Core/Src/task_hmi.o
 .debug_info    0x00004b9a      0x430 ./Core/Src/task_sensor.o
 .debug_info    0x00004fca      0x34e ./Core/Src/task_servo.o
 .debug_info    0x00005318      0xc6e ./Core/Src/tim.o
 .debug_info    0x00005f86      0x798 ./Core/Src/usart.o
 .debug_info    0x0000671e       0x30 ./Core/Startup/startup_stm32f103rbtx.o
 .debug_info    0x0000674e      0x704 ./Drivers/STM32F1xx_HAL_Driver/Src/stm32f1xx_hal.o
 .debug_info    0x00006e52      0xa87 ./Drivers/STM32F1xx_HAL_Driver/Src/stm32f1xx_hal_cortex.o
 .debug_info    0x000078d9      0x5ab ./Drivers/STM32F1xx_HAL_Driver/Src/stm32f1xx_hal_gpio.o
 .debug_info    0x00007e84     0x2524 ./Drivers/STM32F1xx_HAL_Driver/Src/stm32f1xx_hal_i2c.o
 .debug_info    0x0000a3a8      0x7d5 ./Drivers/STM32F1xx_HAL_Driver/Src/stm32f1xx_hal_rcc.o
 .debug_info    0x0000ab7d     0x2959 ./Drivers/STM32F1xx_HAL_Driver/Src/stm32f1xx_hal_tim.o
 .debug_info    0x0000d4d6     0x149b ./Drivers/STM32F1xx_HAL_Driver/Src/stm32f1xx_hal_tim_ex.o
 .debug_info    0x0000e971     0x2eed ./Drivers/STM32F1xx_HAL_Driver/Src/stm32f1xx_hal_uart.o
 .debug_info    0x0001185e     0x1c33 ./Middlewares/Third_Party/FreeRTOS/Source/CMSIS_RTOS/cmsis_os.o
 .debug_info    0x00013491      0xa51 ./Middlewares/Third_Party/FreeRTOS/Source/event_groups.o
 .debug_info    0x00013ee2      0x2af ./Middlewares/Third_Party/FreeRTOS/Source/list.o
 .debug_info    0x00014191     0x183b ./Middlewares/Third_Party/FreeRTOS/Source/queue.o
 .debug_info    0x000159cc     0x1d11 ./Middlewares/Third_Party/FreeRTOS/Source/tasks.o
 .debug_info    0x000176dd     0x13e7 ./Middlewares/Third_Party/FreeRTOS/Source/timers.o
 .debug_info    0x00018ac4      0x494 ./Middlewares/Third_Party/FreeRTOS/Source/portable/GCC/ARM_CM3/port.o
 .debug_info    0x00018f58      0x4d5 ./Middlewares/Third_Party/FreeRTOS/Source/portable/MemMang/heap_4.o

.debug_abbrev   0x00000000     0x4a1d
 .debug_abbrev  0x00000000      0x19c ./Core/Src/app_os.o
 .debug_abbrev  0x0000019c      0x1f2 ./Core/Src/belt.o
 .debug_abbrev  0x0000038e      0x1b9 ./Core/Src/driver_conveyor.o
 .debug_abbrev  0x00000547      0x186 ./Core/Src/driver_hmi.o
 .debug_abbrev  0x000006cd      0x257 ./Core/Src/driver_lcd_i2c.o
 .debug_abbrev  0x00000924      0x1b6 ./Core/Src/driver_servo.o
 .debug_abbrev  0x00000ada      0x199 ./Core/Src/freertos.o
 .debug_abbrev  0x00000c73      0x172 ./Core/Src/gpio.o
 .debug_abbrev  0x00000de5      0x1de ./Core/Src/i2c.o
 .debug_abbrev  0x00000fc3      0x17c ./Core/Src/main.o
 .debug_abbrev  0x0000113f      0x11c ./Core/Src/stm32f1xx_hal_msp.o
 .debug_abbrev  0x0000125b      0x233 ./Core/Src/stm32f1xx_it.o
 .debug_abbrev  0x0000148e      0x13f ./Core/Src/system_stm32f1xx.o
 .debug_abbrev  0x000015cd      0x150 ./Core/Src/task_conveyor.o
 .debug_abbrev  0x0000171d      0x127 ./Core/Src/task_hmi.o
 .debug_abbrev  0x00001844      0x1b9 ./Core/Src/task_sensor.o
 .debug_abbrev  0x000019fd      0x15a ./Core/Src/task_servo.o
 .debug_abbrev  0x00001b57      0x260 ./Core/Src/tim.o
 .debug_abbrev  0x00001db7      0x1e6 ./Core/Src/usart.o
 .debug_abbrev  0x00001f9d       0x24 ./Core/Startup/startup_stm32f103rbtx.o
 .debug_abbrev  0x00001fc1      0x201 ./Drivers/STM32F1xx_HAL_Driver/Src/stm32f1xx_hal.o
 .debug_abbrev  0x000021c2      0x2f8 ./Drivers/STM32F1xx_HAL_Driver/Src/stm32f1xx_hal_cortex.o
 .debug_abbrev  0x000024ba      0x1ca ./Drivers/STM32F1xx_HAL_Driver/Src/stm32f1xx_hal_gpio.o
 .debug_abbrev  0x00002684      0x2a3 ./Drivers/STM32F1xx_HAL_Driver/Src/stm32f1xx_hal_i2c.o
 .debug_abbrev  0x00002927      0x2b3 ./Drivers/STM32F1xx_HAL_Driver/Src/stm32f1xx_hal_rcc.o
 .debug_abbrev  0x00002bda      0x277 ./Drivers/STM32F1xx_HAL_Driver/Src/stm32f1xx_hal_tim.o
 .debug_abbrev  0x00002e51      0x282 ./Drivers/STM32F1xx_HAL_Driver/Src/stm32f1xx_hal_tim_ex.o
 .debug_abbrev  0x000030d3      0x2f8 ./Drivers/STM32F1xx_HAL_Driver/Src/stm32f1xx_hal_uart.o
 .debug_abbrev  0x000033cb      0x3a7 ./Middlewares/Third_Party/FreeRTOS/Source/CMSIS_RTOS/cmsis_os.o
 .debug_abbrev  0x00003772      0x2e6 ./Middlewares/Third_Party/FreeRTOS/Source/event_groups.o
 .debug_abbrev  0x00003a58       0xf5 ./Middlewares/Third_Party/FreeRTOS/Source/list.o
 .debug_abbrev  0x00003b4d      0x3b6 ./Middlewares/Third_Party/FreeRTOS/Source/queue.o
 .debug_abbrev  0x00003f03      0x36e ./Middlewares/Third_Party/FreeRTOS/Source/tasks.o
 .debug_abbrev  0x00004271      0x337 ./Middlewares/Third_Party/FreeRTOS/Source/timers.o
 .debug_abbrev  0x000045a8      0x258 ./Middlewares/Third_Party/FreeRTOS/Source/portable/GCC/ARM_CM3/port.o
 .debug_abbrev  0x00004800      0x21d ./Middlewares/Third_Party/FreeRTOS/Source/portable/MemMang/heap_4.o

.debug_aranges  0x00000000     0x17e0
 .debug_aranges
                0x00000000       0x28 ./Core/Src/app_os.o
 .debug_aranges
                0x00000028       0x30 ./Core/Src/belt.o
 .debug_aranges
                0x00000058       0x30 ./Core/Src/driver_conveyor.o
 .debug_aranges
                0x00000088       0x48 ./Core/Src/driver_hmi.o
 .debug_aranges
                0x000000d0       0x80 ./Core/Src/driver_lcd_i2c.o
 .debug_aranges
                0x00000150       0x30 ./Core/Src/driver_servo.o
 .debug_aranges
                0x00000180       0x38 ./Core/Src/freertos.o
 .debug_aranges
                0x000001b8       0x20 ./Core/Src/gpio.o
 .debug_aranges
                0x000001d8       0x30 ./Core/Src/i2c.o
 .debug_aranges
                0x00000208       0x30 ./Core/Src/main.o
 .debug_aranges
                0x00000238       0x20 ./Core/Src/stm32f1xx_hal_msp.o
 .debug_aranges
                0x00000258       0x78 ./Core/Src/stm32f1xx_it.o
 .debug_aranges
                0x000002d0       0x28 ./Core/Src/system_stm32f1xx.o
 .debug_aranges
                0x000002f8       0x20 ./Core/Src/task_conveyor.o
 .debug_aranges
                0x00000318       0x20 ./Core/Src/task_hmi.o
 .debug_aranges
                0x00000338       0x28 ./Core/Src/task_sensor.o
 .debug_aranges
                0x00000360       0x20 ./Core/Src/task_servo.o
 .debug_aranges
                0x00000380       0x50 ./Core/Src/tim.o
 .debug_aranges
                0x000003d0       0x30 ./Core/Src/usart.o
 .debug_aranges
                0x00000400       0x28 ./Core/Startup/startup_stm32f103rbtx.o
 .debug_aranges
                0x00000428       0xe0 ./Drivers/STM32F1xx_HAL_Driver/Src/stm32f1xx_hal.o
 .debug_aranges
                0x00000508      0x100 ./Drivers/STM32F1xx_HAL_Driver/Src/stm32f1xx_hal_cortex.o
 .debug_aranges
                0x00000608       0x58 ./Drivers/STM32F1xx_HAL_Driver/Src/stm32f1xx_hal_gpio.o
 .debug_aranges
                0x00000660      0x2a8 ./Drivers/STM32F1xx_HAL_Driver/Src/stm32f1xx_hal_i2c.o
 .debug_aranges
                0x00000908       0x90 ./Drivers/STM32F1xx_HAL_Driver/Src/stm32f1xx_hal_rcc.o
 .debug_aranges
                0x00000998      0x3d0 ./Drivers/STM32F1xx_HAL_Driver/Src/stm32f1xx_hal_tim.o
 .debug_aranges
                0x00000d68      0x168 ./Drivers/STM32F1xx_HAL_Driver/Src/stm32f1xx_hal_tim_ex.o
 .debug_aranges
                0x00000ed0      0x208 ./Drivers/STM32F1xx_HAL_Driver/Src/stm32f1xx_hal_uart.o
 .debug_aranges
                0x000010d8      0x1d8 ./Middlewares/Third_Party/FreeRTOS/Source/CMSIS_RTOS/cmsis_os.o
 .debug_aranges
                0x000012b0       0x70 ./Middlewares/Third_Party/FreeRTOS/Source/event_groups.o
 .debug_aranges
                0x00001320       0x40 ./Middlewares/Third_Party/FreeRTOS/Source/list.o
 .debug_aranges
                0x00001360      0x110 ./Middlewares/Third_Party/FreeRTOS/Source/queue.o
 .debug_aranges
                0x00001470      0x1c0 ./Middlewares/Third_Party/FreeRTOS/Source/tasks.o
 .debug_aranges
                0x00001630       0xe0 ./Middlewares/Third_Party/FreeRTOS/Source/timers.o
 .debug_aranges
                0x00001710       0x78 ./Middlewares/Third_Party/FreeRTOS/Source/portable/GCC/ARM_CM3/port.o
 .debug_aranges
                0x00001788       0x58 ./Middlewares/Third_Party/FreeRTOS/Source/portable/MemMang/heap_4.o

.debug_rnglists
                0x00000000     0x126b
 .debug_rnglists
                0x00000000       0x1a ./Core/Src/app_os.o
 .debug_rnglists
                0x0000001a       0x20 ./Core/Src/belt.o
 .debug_rnglists
                0x0000003a       0x1f ./Core/Src/driver_conveyor.o
 .debug_rnglists
                0x00000059       0x31 ./Core/Src/driver_hmi.o
 .debug_rnglists
                0x0000008a       0x5c ./Core/Src/driver_lcd_i2c.o
 .debug_rnglists
                0x000000e6       0x1f ./Core/Src/driver_servo.o
 .debug_rnglists
                0x00000105       0x25 ./Core/Src/freertos.o
 .debug_rnglists
                0x0000012a       0x14 ./Core/Src/gpio.o
 .debug_rnglists
                0x0000013e       0x1f ./Core/Src/i2c.o
 .debug_rnglists
                0x0000015d       0x20 ./Core/Src/main.o
 .debug_rnglists
                0x0000017d       0x13 ./Core/Src/stm32f1xx_hal_msp.o
 .debug_rnglists
                0x00000190       0x55 ./Core/Src/stm32f1xx_it.o
 .debug_rnglists
                0x000001e5       0x1a ./Core/Src/system_stm32f1xx.o
 .debug_rnglists
                0x000001ff       0x13 ./Core/Src/task_conveyor.o
 .debug_rnglists
                0x00000212       0x14 ./Core/Src/task_hmi.o
 .debug_rnglists
                0x00000226       0x1a ./Core/Src/task_sensor.o
 .debug_rnglists
                0x00000240       0x14 ./Core/Src/task_servo.o
 .debug_rnglists
                0x00000254       0x3a ./Core/Src/tim.o
 .debug_rnglists
                0x0000028e       0x1f ./Core/Src/usart.o
 .debug_rnglists
                0x000002ad       0x19 ./Core/Startup/startup_stm32f103rbtx.o
 .debug_rnglists
                0x000002c6       0xa3 ./Drivers/STM32F1xx_HAL_Driver/Src/stm32f1xx_hal.o
 .debug_rnglists
                0x00000369       0xbb ./Drivers/STM32F1xx_HAL_Driver/Src/stm32f1xx_hal_cortex.o
 .debug_rnglists
                0x00000424       0x3f ./Drivers/STM32F1xx_HAL_Driver/Src/stm32f1xx_hal_gpio.o
 .debug_rnglists
                0x00000463      0x23c ./Drivers/STM32F1xx_HAL_Driver/Src/stm32f1xx_hal_i2c.o
 .debug_rnglists
                0x0000069f       0x6c ./Drivers/STM32F1xx_HAL_Driver/Src/stm32f1xx_hal_rcc.o
 .debug_rnglists
                0x0000070b      0x31a ./Drivers/STM32F1xx_HAL_Driver/Src/stm32f1xx_hal_tim.o
 .debug_rnglists
                0x00000a25      0x125 ./Drivers/STM32F1xx_HAL_Driver/Src/stm32f1xx_hal_tim_ex.o
 .debug_rnglists
                0x00000b4a      0x1bc ./Drivers/STM32F1xx_HAL_Driver/Src/stm32f1xx_hal_uart.o
 .debug_rnglists
                0x00000d06      0x16b ./Middlewares/Third_Party/FreeRTOS/Source/CMSIS_RTOS/cmsis_os.o
 .debug_rnglists
                0x00000e71       0x52 ./Middlewares/Third_Party/FreeRTOS/Source/event_groups.o
 .debug_rnglists
                0x00000ec3       0x2b ./Middlewares/Third_Party/FreeRTOS/Source/list.o
 .debug_rnglists
                0x00000eee       0xd3 ./Middlewares/Third_Party/FreeRTOS/Source/queue.o
 .debug_rnglists
                0x00000fc1      0x165 ./Middlewares/Third_Party/FreeRTOS/Source/tasks.o
 .debug_rnglists
                0x00001126       0xac ./Middlewares/Third_Party/FreeRTOS/Source/timers.o
 .debug_rnglists
                0x000011d2       0x57 ./Middlewares/Third_Party/FreeRTOS/Source/portable/GCC/ARM_CM3/port.o
 .debug_rnglists
                0x00001229       0x42 ./Middlewares/Third_Party/FreeRTOS/Source/portable/MemMang/heap_4.o

.debug_macro    0x00000000    0x1c0d4
 .debug_macro   0x00000000      0x125 ./Core/Src/app_os.o
 .debug_macro   0x00000125      0xacc ./Core/Src/app_os.o
 .debug_macro   0x00000bf1      0x190 ./Core/Src/app_os.o
 .debug_macro   0x00000d81       0x22 ./Core/Src/app_os.o
 .debug_macro   0x00000da3       0x8e ./Core/Src/app_os.o
 .debug_macro   0x00000e31       0x51 ./Core/Src/app_os.o
 .debug_macro   0x00000e82      0x103 ./Core/Src/app_os.o
 .debug_macro   0x00000f85       0x6a ./Core/Src/app_os.o
 .debug_macro   0x00000fef      0x1df ./Core/Src/app_os.o
 .debug_macro   0x000011ce      0x103 ./Core/Src/app_os.o
 .debug_macro   0x000012d1      0x15a ./Core/Src/app_os.o
 .debug_macro   0x0000142b       0xde ./Core/Src/app_os.o
 .debug_macro   0x00001509       0x1c ./Core/Src/app_os.o
 .debug_macro   0x00001525       0x26 ./Core/Src/app_os.o
 .debug_macro   0x0000154b      0x4f6 ./Core/Src/app_os.o
 .debug_macro   0x00001a41       0xb5 ./Core/Src/app_os.o
 .debug_macro   0x00001af6       0xaa ./Core/Src/app_os.o
 .debug_macro   0x00001ba0       0x91 ./Core/Src/app_os.o
 .debug_macro   0x00001c31       0x8d ./Core/Src/app_os.o
 .debug_macro   0x00001cbe       0x7e ./Core/Src/app_os.o
 .debug_macro   0x00001d3c       0x19 ./Core/Src/app_os.o
 .debug_macro   0x00001d55       0xf2 ./Core/Src/app_os.o
 .debug_macro   0x00001e47      0x2a4 ./Core/Src/belt.o
 .debug_macro   0x000020eb      0x221 ./Core/Src/belt.o
 .debug_macro   0x0000230c       0x2e ./Core/Src/belt.o
 .debug_macro   0x0000233a       0x22 ./Core/Src/belt.o
 .debug_macro   0x0000235c       0x1c ./Core/Src/belt.o
 .debug_macro   0x00002378       0x22 ./Core/Src/belt.o
 .debug_macro   0x0000239a       0xbd ./Core/Src/belt.o
 .debug_macro   0x00002457      0xd23 ./Core/Src/belt.o
 .debug_macro   0x0000317a     0xe09e ./Core/Src/belt.o
 .debug_macro   0x00011218       0x6d ./Core/Src/belt.o
 .debug_macro   0x00011285     0x34a2 ./Core/Src/belt.o
 .debug_macro   0x00014727       0x5c ./Core/Src/belt.o
 .debug_macro   0x00014783      0x5bc ./Core/Src/belt.o
 .debug_macro   0x00014d3f      0x289 ./Core/Src/belt.o
 .debug_macro   0x00014fc8      0x1cb ./Core/Src/belt.o
 .debug_macro   0x00015193      0x114 ./Core/Src/belt.o
 .debug_macro   0x000152a7      0x1b2 ./Core/Src/belt.o
 .debug_macro   0x00015459       0x27 ./Core/Src/belt.o
 .debug_macro   0x00015480      0x136 ./Core/Src/belt.o
 .debug_macro   0x000155b6      0x1bc ./Core/Src/belt.o
 .debug_macro   0x00015772       0x34 ./Core/Src/belt.o
 .debug_macro   0x000157a6       0x3c ./Core/Src/belt.o
 .debug_macro   0x000157e2       0x57 ./Core/Src/belt.o
 .debug_macro   0x00015839       0x87 ./Core/Src/belt.o
 .debug_macro   0x000158c0      0x240 ./Core/Src/belt.o
 .debug_macro   0x00015b00      0x287 ./Core/Src/belt.o
 .debug_macro   0x00015d87      0x140 ./Core/Src/belt.o
 .debug_macro   0x00015ec7      0x8ed ./Core/Src/belt.o
 .debug_macro   0x000167b4      0x28e ./Core/Src/belt.o
 .debug_macro   0x00016a42       0x83 ./Core/Src/belt.o
 .debug_macro   0x00016ac5       0xca ./Core/Src/belt.o
 .debug_macro   0x00016b8f       0x3a ./Core/Src/belt.o
 .debug_macro   0x00016bc9      0x103 ./Core/Src/belt.o
 .debug_macro   0x00016ccc      0x340 ./Core/Src/driver_conveyor.o
 .debug_macro   0x0001700c       0x8e ./Core/Src/driver_conveyor.o
 .debug_macro   0x0001709a       0x61 ./Core/Src/driver_conveyor.o
 .debug_macro   0x000170fb       0x24 ./Core/Src/driver_conveyor.o
 .debug_macro   0x0001711f       0x43 ./Core/Src/driver_conveyor.o
 .debug_macro   0x00017162       0x34 ./Core/Src/driver_conveyor.o
 .debug_macro   0x00017196      0x364 ./Core/Src/driver_conveyor.o
 .debug_macro   0x000174fa       0x16 ./Core/Src/driver_conveyor.o
 .debug_macro   0x00017510       0x4a ./Core/Src/driver_conveyor.o
 .debug_macro   0x0001755a       0x34 ./Core/Src/driver_conveyor.o
 .debug_macro   0x0001758e       0x10 ./Core/Src/driver_conveyor.o
 .debug_macro   0x0001759e       0x58 ./Core/Src/driver_conveyor.o
 .debug_macro   0x000175f6       0x8e ./Core/Src/driver_conveyor.o
 .debug_macro   0x00017684       0x1c ./Core/Src/driver_conveyor.o
 .debug_macro   0x000176a0      0x17e ./Core/Src/driver_conveyor.o
 .debug_macro   0x0001781e       0x10 ./Core/Src/driver_conveyor.o
 .debug_macro   0x0001782e       0x3c ./Core/Src/driver_conveyor.o
 .debug_macro   0x0001786a       0x10 ./Core/Src/driver_conveyor.o
 .debug_macro   0x0001787a       0x10 ./Core/Src/driver_conveyor.o
 .debug_macro   0x0001788a       0x10 ./Core/Src/driver_conveyor.o
 .debug_macro   0x0001789a       0x1c ./Core/Src/driver_conveyor.o
 .debug_macro   0x000178b6       0x52 ./Core/Src/driver_conveyor.o
 .debug_macro   0x00017908       0x22 ./Core/Src/driver_conveyor.o
 .debug_macro   0x0001792a       0x10 ./Core/Src/driver_conveyor.o
 .debug_macro   0x0001793a       0x52 ./Core/Src/driver_conveyor.o
 .debug_macro   0x0001798c       0xcf ./Core/Src/driver_conveyor.o
 .debug_macro   0x00017a5b       0x1c ./Core/Src/driver_conveyor.o
 .debug_macro   0x00017a77       0x3d ./Core/Src/driver_conveyor.o
 .debug_macro   0x00017ab4       0x35 ./Core/Src/driver_conveyor.o
 .debug_macro   0x00017ae9      0x2b9 ./Core/Src/driver_hmi.o
 .debug_macro   0x00017da2       0x2e ./Core/Src/driver_hmi.o
 .debug_macro   0x00017dd0       0x58 ./Core/Src/driver_hmi.o
 .debug_macro   0x00017e28       0x16 ./Core/Src/driver_hmi.o
 .debug_macro   0x00017e3e       0x16 ./Core/Src/driver_hmi.o
 .debug_macro   0x00017e54       0x16 ./Core/Src/driver_hmi.o
 .debug_macro   0x00017e6a      0x146 ./Core/Src/driver_hmi.o
 .debug_macro   0x00017fb0      0x36e ./Core/Src/driver_lcd_i2c.o
 .debug_macro   0x0001831e       0x28 ./Core/Src/driver_lcd_i2c.o
 .debug_macro   0x00018346       0x16 ./Core/Src/driver_lcd_i2c.o
 .debug_macro   0x0001835c       0x20 ./Core/Src/driver_lcd_i2c.o
 .debug_macro   0x0001837c      0x20f ./Core/Src/driver_servo.o
 .debug_macro   0x0001858b      0x28b ./Core/Src/freertos.o
 .debug_macro   0x00018816      0x1d4 ./Core/Src/gpio.o
 .debug_macro   0x000189ea      0x1d4 ./Core/Src/i2c.o
 .debug_macro   0x00018bbe      0x29f ./Core/Src/main.o
 .debug_macro   0x00018e5d      0x1ca ./Core/Src/stm32f1xx_hal_msp.o
 .debug_macro   0x00019027      0x29a ./Core/Src/stm32f1xx_it.o
 .debug_macro   0x000192c1      0x1ad ./Core/Src/system_stm32f1xx.o
 .debug_macro   0x0001946e      0x13d ./Core/Src/task_conveyor.o
 .debug_macro   0x000195ab      0x150 ./Core/Src/task_hmi.o
 .debug_macro   0x000196fb      0x2ae ./Core/Src/task_sensor.o
 .debug_macro   0x000199a9      0x2a4 ./Core/Src/task_servo.o
 .debug_macro   0x00019c4d      0x1ca ./Core/Src/tim.o
 .debug_macro   0x00019e17      0x1d4 ./Core/Src/usart.o
 .debug_macro   0x00019feb      0x1d1 ./Drivers/STM32F1xx_HAL_Driver/Src/stm32f1xx_hal.o
 .debug_macro   0x0001a1bc      0x1ad ./Drivers/STM32F1xx_HAL_Driver/Src/stm32f1xx_hal_cortex.o
 .debug_macro   0x0001a369      0x218 ./Drivers/STM32F1xx_HAL_Driver/Src/stm32f1xx_hal_gpio.o
 .debug_macro   0x0001a581      0x1fb ./Drivers/STM32F1xx_HAL_Driver/Src/stm32f1xx_hal_i2c.o
 .debug_macro   0x0001a77c      0x1bf ./Drivers/STM32F1xx_HAL_Driver/Src/stm32f1xx_hal_rcc.o
 .debug_macro   0x0001a93b      0x1ae ./Drivers/STM32F1xx_HAL_Driver/Src/stm32f1xx_hal_tim.o
 .debug_macro   0x0001aae9      0x1ad ./Drivers/STM32F1xx_HAL_Driver/Src/stm32f1xx_hal_tim_ex.o
 .debug_macro   0x0001ac96      0x1ae ./Drivers/STM32F1xx_HAL_Driver/Src/stm32f1xx_hal_uart.o
 .debug_macro   0x0001ae44      0x1fe ./Middlewares/Third_Party/FreeRTOS/Source/CMSIS_RTOS/cmsis_os.o
 .debug_macro   0x0001b042       0x10 ./Middlewares/Third_Party/FreeRTOS/Source/CMSIS_RTOS/cmsis_os.o
 .debug_macro   0x0001b052       0xab ./Middlewares/Third_Party/FreeRTOS/Source/CMSIS_RTOS/cmsis_os.o
 .debug_macro   0x0001b0fd      0x1e0 ./Middlewares/Third_Party/FreeRTOS/Source/event_groups.o
 .debug_macro   0x0001b2dd      0x11c ./Middlewares/Third_Party/FreeRTOS/Source/event_groups.o
 .debug_macro   0x0001b3f9       0x9b ./Middlewares/Third_Party/FreeRTOS/Source/event_groups.o
 .debug_macro   0x0001b494      0x187 ./Middlewares/Third_Party/FreeRTOS/Source/list.o
 .debug_macro   0x0001b61b      0x216 ./Middlewares/Third_Party/FreeRTOS/Source/queue.o
 .debug_macro   0x0001b831       0x87 ./Middlewares/Third_Party/FreeRTOS/Source/queue.o
 .debug_macro   0x0001b8b8      0x279 ./Middlewares/Third_Party/FreeRTOS/Source/tasks.o
 .debug_macro   0x0001bb31       0x10 ./Middlewares/Third_Party/FreeRTOS/Source/tasks.o
 .debug_macro   0x0001bb41      0x1dc ./Middlewares/Third_Party/FreeRTOS/Source/timers.o
 .debug_macro   0x0001bd1d       0x97 ./Middlewares/Third_Party/FreeRTOS/Source/timers.o
 .debug_macro   0x0001bdb4      0x172 ./Middlewares/Third_Party/FreeRTOS/Source/portable/GCC/ARM_CM3/port.o
 .debug_macro   0x0001bf26      0x1ae ./Middlewares/Third_Party/FreeRTOS/Source/portable/MemMang/heap_4.o

.debug_line     0x00000000    0x1f2ac
 .debug_line    0x00000000      0x609 ./Core/Src/app_os.o
 .debug_line    0x00000609      0xb3e ./Core/Src/belt.o
 .debug_line    0x00001147      0x968 ./Core/Src/driver_conveyor.o
 .debug_line    0x00001aaf      0x92c ./Core/Src/driver_hmi.o
 .debug_line    0x000023db      0xc21 ./Core/Src/driver_lcd_i2c.o
 .debug_line    0x00002ffc      0x7af ./Core/Src/driver_servo.o
 .debug_line    0x000037ab      0x903 ./Core/Src/freertos.o
 .debug_line    0x000040ae      0x766 ./Core/Src/gpio.o
 .debug_line    0x00004814      0x78a ./Core/Src/i2c.o
 .debug_line    0x00004f9e      0x92b ./Core/Src/main.o
 .debug_line    0x000058c9      0x722 ./Core/Src/stm32f1xx_hal_msp.o
 .debug_line    0x00005feb      0x9d1 ./Core/Src/stm32f1xx_it.o
 .debug_line    0x000069bc      0x796 ./Core/Src/system_stm32f1xx.o
 .debug_line    0x00007152      0x626 ./Core/Src/task_conveyor.o
 .debug_line    0x00007778      0x66d ./Core/Src/task_hmi.o
 .debug_line    0x00007de5      0xab8 ./Core/Src/task_sensor.o
 .debug_line    0x0000889d      0x92c ./Core/Src/task_servo.o
 .debug_line    0x000091c9      0x8af ./Core/Src/tim.o
 .debug_line    0x00009a78      0x78a ./Core/Src/usart.o
 .debug_line    0x0000a202       0x78 ./Core/Startup/startup_stm32f103rbtx.o
 .debug_line    0x0000a27a      0x9ca ./Drivers/STM32F1xx_HAL_Driver/Src/stm32f1xx_hal.o
 .debug_line    0x0000ac44      0xb91 ./Drivers/STM32F1xx_HAL_Driver/Src/stm32f1xx_hal_cortex.o
 .debug_line    0x0000b7d5      0xa21 ./Drivers/STM32F1xx_HAL_Driver/Src/stm32f1xx_hal_gpio.o
 .debug_line    0x0000c1f6     0x3bc4 ./Drivers/STM32F1xx_HAL_Driver/Src/stm32f1xx_hal_i2c.o
 .debug_line    0x0000fdba      0xe80 ./Drivers/STM32F1xx_HAL_Driver/Src/stm32f1xx_hal_rcc.o
 .debug_line    0x00010c3a     0x34bb ./Drivers/STM32F1xx_HAL_Driver/Src/stm32f1xx_hal_tim.o
 .debug_line    0x000140f5     0x188b ./Drivers/STM32F1xx_HAL_Driver/Src/stm32f1xx_hal_tim_ex.o
 .debug_line    0x00015980     0x24e3 ./Drivers/STM32F1xx_HAL_Driver/Src/stm32f1xx_hal_uart.o
 .debug_line    0x00017e63     0x13bb ./Middlewares/Third_Party/FreeRTOS/Source/CMSIS_RTOS/cmsis_os.o
 .debug_line    0x0001921e      0xb0a ./Middlewares/Third_Party/FreeRTOS/Source/event_groups.o
 .debug_line    0x00019d28      0x790 ./Middlewares/Third_Party/FreeRTOS/Source/list.o
 .debug_line    0x0001a4b8     0x1536 ./Middlewares/Third_Party/FreeRTOS/Source/queue.o
 .debug_line    0x0001b9ee     0x198f ./Middlewares/Third_Party/FreeRTOS/Source/tasks.o
 .debug_line    0x0001d37d      0xdce ./Middlewares/Third_Party/FreeRTOS/Source/timers.o
 .debug_line    0x0001e14b      0x7bb ./Middlewares/Third_Party/FreeRTOS/Source/portable/GCC/ARM_CM3/port.o
 .debug_line    0x0001e906      0x9a6 ./Middlewares/Third_Party/FreeRTOS/Source/portable/MemMang/heap_4.o

.debug_str      0x00000000    0x9786d
 .debug_str     0x00000000    0x9786d ./Core/Src/app_os.o
                               0xa3f1 (size before relaxing)
 .debug_str     0x0009786d    0x8b682 ./Core/Src/belt.o
 .debug_str     0x0009786d    0x8944b ./Core/Src/driver_conveyor.o
 .debug_str     0x0009786d    0x88c77 ./Core/Src/driver_hmi.o
 .debug_str     0x0009786d    0x8d0a1 ./Core/Src/driver_lcd_i2c.o
 .debug_str     0x0009786d    0x85947 ./Core/Src/driver_servo.o
 .debug_str     0x0009786d    0x8b72b ./Core/Src/freertos.o
 .debug_str     0x0009786d    0x8570b ./Core/Src/gpio.o
 .debug_str     0x0009786d    0x8588b ./Core/Src/i2c.o
 .debug_str     0x0009786d    0x8b5a2 ./Core/Src/main.o
 .debug_str     0x0009786d    0x8564d ./Core/Src/stm32f1xx_hal_msp.o
 .debug_str     0x0009786d    0x8b9e5 ./Core/Src/stm32f1xx_it.o
 .debug_str     0x0009786d    0x8507f ./Core/Src/system_stm32f1xx.o
 .debug_str     0x0009786d     0xa2a8 ./Core/Src/task_conveyor.o
 .debug_str     0x0009786d     0xa312 ./Core/Src/task_hmi.o
 .debug_str     0x0009786d    0x8b686 ./Core/Src/task_sensor.o
 .debug_str     0x0009786d    0x8b5c0 ./Core/Src/task_servo.o
 .debug_str     0x0009786d    0x85dcd ./Core/Src/tim.o
 .debug_str     0x0009786d    0x85819 ./Core/Src/usart.o
 .debug_str     0x0009786d       0x74 ./Core/Startup/startup_stm32f103rbtx.o
 .debug_str     0x0009786d    0x857b2 ./Drivers/STM32F1xx_HAL_Driver/Src/stm32f1xx_hal.o
 .debug_str     0x0009786d    0x856fe ./Drivers/STM32F1xx_HAL_Driver/Src/stm32f1xx_hal_cortex.o
 .debug_str     0x0009786d    0x85405 ./Drivers/STM32F1xx_HAL_Driver/Src/stm32f1xx_hal_gpio.o
 .debug_str     0x0009786d    0x86146 ./Drivers/STM32F1xx_HAL_Driver/Src/stm32f1xx_hal_i2c.o
 .debug_str     0x0009786d    0x854ae ./Drivers/STM32F1xx_HAL_Driver/Src/stm32f1xx_hal_rcc.o
 .debug_str     0x0009786d    0x864b0 ./Drivers/STM32F1xx_HAL_Driver/Src/stm32f1xx_hal_tim.o
 .debug_str     0x0009786d    0x85cbc ./Drivers/STM32F1xx_HAL_Driver/Src/stm32f1xx_hal_tim_ex.o
 .debug_str     0x0009786d    0x85b1f ./Drivers/STM32F1xx_HAL_Driver/Src/stm32f1xx_hal_uart.o
 .debug_str     0x0009786d     0xe6de ./Middlewares/Third_Party/FreeRTOS/Source/CMSIS_RTOS/cmsis_os.o
 .debug_str     0x0009786d     0xc0dd ./Middlewares/Third_Party/FreeRTOS/Source/event_groups.o
 .debug_str     0x0009786d     0xab8d ./Middlewares/Third_Party/FreeRTOS/Source/list.o
 .debug_str     0x0009786d     0xc571 ./Middlewares/Third_Party/FreeRTOS/Source/queue.o
 .debug_str     0x0009786d     0xcf40 ./Middlewares/Third_Party/FreeRTOS/Source/tasks.o
 .debug_str     0x0009786d     0xcba1 ./Middlewares/Third_Party/FreeRTOS/Source/timers.o
 .debug_str     0x0009786d     0x86a9 ./Middlewares/Third_Party/FreeRTOS/Source/portable/GCC/ARM_CM3/port.o
 .debug_str     0x0009786d     0xb4cf ./Middlewares/Third_Party/FreeRTOS/Source/portable/MemMang/heap_4.o

.comment        0x00000000       0x43
 .comment       0x00000000       0x43 ./Core/Src/app_os.o
                                 0x44 (size before relaxing)
 .comment       0x00000043       0x44 ./Core/Src/belt.o
 .comment       0x00000043       0x44 ./Core/Src/driver_conveyor.o