../Core/Src/stm32f1xx_it.c:73:6:NMI_Handler	4	static
../Core/Src/stm32f1xx_it.c:88:6:HardFault_Handler	4	static
../Core/Src/stm32f1xx_it.c:103:6:MemManage_Handler	4	static
../Core/Src/stm32f1xx_it.c:118:6:BusFault_Handler	4	static
../Core/Src/stm32f1xx_it.c:133:6:UsageFault_Handler	4	static
../Core/Src/stm32f1xx_it.c:148:6:DebugMon_Handler	4	static
../Core/Src/stm32f1xx_it.c:161:6:SysTick_Handler	8	static
../Core/Src/stm32f1xx_it.c:190:6:TIM2_IRQHandler	8	static
../Core/Src/stm32f1xx_it.c:204:6:EXTI15_10_IRQHandler	8	static
../Core/Src/stm32f1xx_it.c:216:6:HAL_GPIO_EXTI_Callback	24	static,ignoring_inline_asm
../Core/Src/stm32f1xx_it.c:228:6:EXTI0_IRQHandler	8	static
../Core/Src/stm32f1xx_it.c:233:6:EXTI4_IRQHandler	8	static
